Archive member included to satisfy reference by file (symbol)

C:/ST/STM32CubeIDE_1.19.0/STM32CubeIDE/plugins/com.st.stm32cube.ide.mcu.externaltools.gnu-tools-for-stm32.13.3.rel1.win32_1.0.0.202411081344/tools/bin/../lib/gcc/arm-none-eabi/13.3.1/../../../../arm-none-eabi/lib/thumb/v7e-m+dp/hard\libc_nano.a(libc_a-exit.o)
                              C:/ST/STM32CubeIDE_1.19.0/STM32CubeIDE/plugins/com.st.stm32cube.ide.mcu.externaltools.gnu-tools-for-stm32.13.3.rel1.win32_1.0.0.202411081344/tools/bin/../lib/gcc/arm-none-eabi/13.3.1/../../../../arm-none-eabi/lib/thumb/v7e-m+dp/hard/crt0.o (exit)
C:/ST/STM32CubeIDE_1.19.0/STM32CubeIDE/plugins/com.st.stm32cube.ide.mcu.externaltools.gnu-tools-for-stm32.13.3.rel1.win32_1.0.0.202411081344/tools/bin/../lib/gcc/arm-none-eabi/13.3.1/../../../../arm-none-eabi/lib/thumb/v7e-m+dp/hard\libc_nano.a(libc_a-findfp.o)
                              C:/ST/STM32CubeIDE_1.19.0/STM32CubeIDE/plugins/com.st.stm32cube.ide.mcu.externaltools.gnu-tools-for-stm32.13.3.rel1.win32_1.0.0.202411081344/tools/bin/../lib/gcc/arm-none-eabi/13.3.1/../../../../arm-none-eabi/lib/thumb/v7e-m+dp/hard\libc_nano.a(libc_a-exit.o) (__stdio_exit_handler)
C:/ST/STM32CubeIDE_1.19.0/STM32CubeIDE/plugins/com.st.stm32cube.ide.mcu.externaltools.gnu-tools-for-stm32.13.3.rel1.win32_1.0.0.202411081344/tools/bin/../lib/gcc/arm-none-eabi/13.3.1/../../../../arm-none-eabi/lib/thumb/v7e-m+dp/hard\libc_nano.a(libc_a-fwalk.o)
                              C:/ST/STM32CubeIDE_1.19.0/STM32CubeIDE/plugins/com.st.stm32cube.ide.mcu.externaltools.gnu-tools-for-stm32.13.3.rel1.win32_1.0.0.202411081344/tools/bin/../lib/gcc/arm-none-eabi/13.3.1/../../../../arm-none-eabi/lib/thumb/v7e-m+dp/hard\libc_nano.a(libc_a-findfp.o) (_fwalk_sglue)
C:/ST/STM32CubeIDE_1.19.0/STM32CubeIDE/plugins/com.st.stm32cube.ide.mcu.externaltools.gnu-tools-for-stm32.13.3.rel1.win32_1.0.0.202411081344/tools/bin/../lib/gcc/arm-none-eabi/13.3.1/../../../../arm-none-eabi/lib/thumb/v7e-m+dp/hard\libc_nano.a(libc_a-printf.o)
                              ./Core/Src/can_node.o (printf)
C:/ST/STM32CubeIDE_1.19.0/STM32CubeIDE/plugins/com.st.stm32cube.ide.mcu.externaltools.gnu-tools-for-stm32.13.3.rel1.win32_1.0.0.202411081344/tools/bin/../lib/gcc/arm-none-eabi/13.3.1/../../../../arm-none-eabi/lib/thumb/v7e-m+dp/hard\libc_nano.a(libc_a-puts.o)
                              ./Core/Src/freertos.o (puts)
C:/ST/STM32CubeIDE_1.19.0/STM32CubeIDE/plugins/com.st.stm32cube.ide.mcu.externaltools.gnu-tools-for-stm32.13.3.rel1.win32_1.0.0.202411081344/tools/bin/../lib/gcc/arm-none-eabi/13.3.1/../../../../arm-none-eabi/lib/thumb/v7e-m+dp/hard\libc_nano.a(libc_a-stdio.o)
                              C:/ST/STM32CubeIDE_1.19.0/STM32CubeIDE/plugins/com.st.stm32cube.ide.mcu.externaltools.gnu-tools-for-stm32.13.3.rel1.win32_1.0.0.202411081344/tools/bin/../lib/gcc/arm-none-eabi/13.3.1/../../../../arm-none-eabi/lib/thumb/v7e-m+dp/hard\libc_nano.a(libc_a-findfp.o) (__sread)
C:/ST/STM32CubeIDE_1.19.0/STM32CubeIDE/plugins/com.st.stm32cube.ide.mcu.externaltools.gnu-tools-for-stm32.13.3.rel1.win32_1.0.0.202411081344/tools/bin/../lib/gcc/arm-none-eabi/13.3.1/../../../../arm-none-eabi/lib/thumb/v7e-m+dp/hard\libc_nano.a(libc_a-wbuf.o)
                              C:/ST/STM32CubeIDE_1.19.0/STM32CubeIDE/plugins/com.st.stm32cube.ide.mcu.externaltools.gnu-tools-for-stm32.13.3.rel1.win32_1.0.0.202411081344/tools/bin/../lib/gcc/arm-none-eabi/13.3.1/../../../../arm-none-eabi/lib/thumb/v7e-m+dp/hard\libc_nano.a(libc_a-puts.o) (__swbuf_r)
C:/ST/STM32CubeIDE_1.19.0/STM32CubeIDE/plugins/com.st.stm32cube.ide.mcu.externaltools.gnu-tools-for-stm32.13.3.rel1.win32_1.0.0.202411081344/tools/bin/../lib/gcc/arm-none-eabi/13.3.1/../../../../arm-none-eabi/lib/thumb/v7e-m+dp/hard\libc_nano.a(libc_a-wsetup.o)
                              C:/ST/STM32CubeIDE_1.19.0/STM32CubeIDE/plugins/com.st.stm32cube.ide.mcu.externaltools.gnu-tools-for-stm32.13.3.rel1.win32_1.0.0.202411081344/tools/bin/../lib/gcc/arm-none-eabi/13.3.1/../../../../arm-none-eabi/lib/thumb/v7e-m+dp/hard\libc_nano.a(libc_a-puts.o) (__swsetup_r)
C:/ST/STM32CubeIDE_1.19.0/STM32CubeIDE/plugins/com.st.stm32cube.ide.mcu.externaltools.gnu-tools-for-stm32.13.3.rel1.win32_1.0.0.202411081344/tools/bin/../lib/gcc/arm-none-eabi/13.3.1/../../../../arm-none-eabi/lib/thumb/v7e-m+dp/hard\libc_nano.a(libc_a-memset.o)
                              C:/ST/STM32CubeIDE_1.19.0/STM32CubeIDE/plugins/com.st.stm32cube.ide.mcu.externaltools.gnu-tools-for-stm32.13.3.rel1.win32_1.0.0.202411081344/tools/bin/../lib/gcc/arm-none-eabi/13.3.1/../../../../arm-none-eabi/lib/thumb/v7e-m+dp/hard/crt0.o (memset)
C:/ST/STM32CubeIDE_1.19.0/STM32CubeIDE/plugins/com.st.stm32cube.ide.mcu.externaltools.gnu-tools-for-stm32.13.3.rel1.win32_1.0.0.202411081344/tools/bin/../lib/gcc/arm-none-eabi/13.3.1/../../../../arm-none-eabi/lib/thumb/v7e-m+dp/hard\libc_nano.a(libc_a-closer.o)
[...]
Memory Configuration

Name             Origin             Length             Attributes
RAM              0x20000000         0x00080000         xrw
FLASH            0x08000000         0x00100000         xr
*default*        0x00000000         0xffffffff

Linker script and memory map

LOAD C:/ST/STM32CubeIDE_1.19.0/STM32CubeIDE/plugins/com.st.stm32cube.ide.mcu.externaltools.gnu-tools-for-stm32.13.3.rel1.win32_1.0.0.202411081344/tools/bin/../lib/gcc/arm-none-eabi/13.3.1/thumb/v7e-m+dp/hard/crti.o
LOAD C:/ST/STM32CubeIDE_1.19.0/STM32CubeIDE/plugins/com.st.stm32cube.ide.mcu.externaltools.gnu-tools-for-stm32.13.3.rel1.win32_1.0.0.202411081344/tools/bin/../lib/gcc/arm-none-eabi/13.3.1/thumb/v7e-m+dp/hard/crtbegin.o
LOAD C:/ST/STM32CubeIDE_1.19.0/STM32CubeIDE/plugins/com.st.stm32cube.ide.mcu.externaltools.gnu-tools-for-stm32.13.3.rel1.win32_1.0.0.202411081344/tools/bin/../lib/gcc/arm-none-eabi/13.3.1/../../../../arm-none-eabi/lib/thumb/v7e-m+dp/hard/crt0.o
LOAD ./Core/Src/can.o
LOAD ./Core/Src/can_app.o
LOAD ./Core/Src/can_node.o
LOAD ./Core/Src/freertos.o
LOAD ./Core/Src/gpio.o
LOAD ./Core/Src/i2c.o
LOAD ./Core/Src/main.o
LOAD ./Core/Src/motor_cmd.o
LOAD ./Core/Src/platform.o
LOAD ./Core/Src/stepperMotor.o
LOAD ./Core/Src/stm32f7xx_hal_msp.o
LOAD ./Core/Src/stm32f7xx_it.o
LOAD ./Core/Src/syscalls.o
LOAD ./Core/Src/sysmem.o
LOAD ./Core/Src/system_stm32f7xx.o
LOAD ./Core/Src/tim.o
LOAD ./Core/Src/usart.o
LOAD ./Core/Src/v_Sensor.o
LOAD ./Core/Src/v_VL53L4CD.o
LOAD ./Core/Startup/startup_stm32f767bgtx.o
LOAD ./Drivers/BSP/Components/VL53L4CD_ULD_Driver/VL53L4CD_api.o
LOAD ./Drivers/BSP/Components/VL53L4CD_ULD_Driver/VL53L4CD_calibration.o
LOAD ./Drivers/STM32F7xx_HAL_Driver/Src/stm32f7xx_hal.o
LOAD ./Drivers/STM32F7xx_HAL_Driver/Src/stm32f7xx_hal_can.o
LOAD ./Drivers/STM32F7xx_HAL_Driver/Src/stm32f7xx_hal_cortex.o
LOAD ./Drivers/STM32F7xx_HAL_Driver/Src/stm32f7xx_hal_dma.o
LOAD ./Drivers/STM32F7xx_HAL_Driver/Src/stm32f7xx_hal_dma_ex.o
LOAD ./Drivers/STM32F7xx_HAL_Driver/Src/stm32f7xx_hal_exti.o
LOAD ./Drivers/STM32F7xx_HAL_Driver/Src/stm32f7xx_hal_flash.o
LOAD ./Drivers/STM32F7xx_HAL_Driver/Src/stm32f7xx_hal_flash_ex.o
LOAD ./Drivers/STM32F7xx_HAL_Driver/Src/stm32f7xx_hal_gpio.o
LOAD ./Drivers/STM32F7xx_HAL_Driver/Src/stm32f7xx_hal_i2c.o
LOAD ./Drivers/STM32F7xx_HAL_Driver/Src/stm32f7xx_hal_i2c_ex.o
LOAD ./Drivers/STM32F7xx_HAL_Driver/Src/stm32f7xx_hal_pwr.o
LOAD ./Drivers/STM32F7xx_HAL_Driver/Src/stm32f7xx_hal_pwr_ex.o
LOAD ./Drivers/STM32F7xx_HAL_Driver/Src/stm32f7xx_hal_rcc.o
LOAD ./Drivers/STM32F7xx_HAL_Driver/Src/stm32f7xx_hal_rcc_ex.o
LOAD ./Drivers/STM32F7xx_HAL_Driver/Src/stm32f7xx_hal_tim.o
LOAD ./Drivers/STM32F7xx_HAL_Driver/Src/stm32f7xx_hal_tim_ex.o
LOAD ./Drivers/STM32F7xx_HAL_Driver/Src/stm32f7xx_hal_uart.o
LOAD ./Drivers/STM32F7xx_HAL_Driver/Src/stm32f7xx_hal_uart_ex.o
LOAD ./Middlewares/Third_Party/FreeRTOS/Source/CMSIS_RTOS_V2/cmsis_os2.o
LOAD ./Middlewares/Third_Party/FreeRTOS/Source/croutine.o
LOAD ./Middlewares/Third_Party/FreeRTOS/Source/event_groups.o
LOAD ./Middlewares/Third_Party/FreeRTOS/Source/list.o
LOAD ./Middlewares/Third_Party/FreeRTOS/Source/queue.o
LOAD ./Middlewares/Third_Party/FreeRTOS/Source/stream_buffer.o
LOAD ./Middlewares/Third_Party/FreeRTOS/Source/tasks.o
LOAD ./Middlewares/Third_Party/FreeRTOS/Source/timers.o
LOAD ./Middlewares/Third_Party/FreeRTOS/Source/portable/GCC/ARM_CM7/r0p1/port.o
LOAD ./Middlewares/Third_Party/FreeRTOS/Source/portable/MemMang/heap_4.o
START GROUP
LOAD C:/ST/STM32CubeIDE_1.19.0/STM32CubeIDE/plugins/com.st.stm32cube.ide.mcu.externaltools.gnu-tools-for-stm32.13.3.rel1.win32_1.0.0.202411081344/tools/bin/../lib/gcc/arm-none-eabi/13.3.1/../../../../arm-none-eabi/lib/thumb/v7e-m+dp/hard\libc_nano.a
LOAD C:/ST/STM32CubeIDE_1.19.0/STM32CubeIDE/plugins/com.st.stm32cube.ide.mcu.externaltools.gnu-tools-for-stm32.13.3.rel1.win32_1.0.0.202411081344/tools/bin/../lib/gcc/arm-none-eabi/13.3.1/../../../../arm-none-eabi/lib/thumb/v7e-m+dp/hard\libm.a
END GROUP
START GROUP
LOAD C:/ST/STM32CubeIDE_1.19.0/STM32CubeIDE/plugins/com.st.stm32cube.ide.mcu.externaltools.gnu-tools-for-stm32.13.3.rel1.win32_1.0.0.202411081344/tools/bin/../lib/gcc/arm-none-eabi/13.3.1/thumb/v7e-m+dp/hard\libgcc.a
LOAD C:/ST/STM32CubeIDE_1.19.0/STM32CubeIDE/plugins/com.st.stm32cube.ide.mcu.externaltools.gnu-tools-for-stm32.13.3.rel1.win32_1.0.0.202411081344/tools/bin/../lib/gcc/arm-none-eabi/13.3.1/../../../../arm-none-eabi/lib/thumb/v7e-m+dp/hard\libc_nano.a
END GROUP
START GROUP
LOAD C:/ST/STM32CubeIDE_1.19.0/STM32CubeIDE/plugins/com.st.stm32cube.ide.mcu.externaltools.gnu-tools-for-stm32.13.3.rel1.win32_1.0.0.202411081344/tools/bin/../lib/gcc/arm-none-eabi/13.3.1/thumb/v7e-m+dp/hard\libgcc.a
LOAD C:/ST/STM32CubeIDE_1.19.0/STM32CubeIDE/plugins/com.st.stm32cube.ide.mcu.externaltools.gnu-tools-for-stm32.13.3.rel1.win32_1.0.0.202411081344/tools/bin/../lib/gcc/arm-none-eabi/13.3.1/../../../../arm-none-eabi/lib/thumb/v7e-m+dp/hard\libc_nano.a
LOAD C:/ST/STM32CubeIDE_1.19.0/STM32CubeIDE/plugins/com.st.stm32cube.ide.mcu.externaltools.gnu-tools-for-stm32.13.3.rel1.win32_1.0.0.202411081344/tools/bin/../lib/gcc/arm-none-eabi/13.3.1/../../../../arm-none-eabi/lib/thumb/v7e-m+dp/hard\libnosys.a
END GROUP
START GROUP
LOAD C:/ST/STM32CubeIDE_1.19.0/STM32CubeIDE/plugins/com.st.stm32cube.ide.mcu.externaltools.gnu-tools-for-stm32.13.3.rel1.win32_1.0.0.202411081344/tools/bin/../lib/gcc/arm-none-eabi/13.3.1/thumb/v7e-m+dp/hard\libgcc.a
LOAD C:/ST/STM32CubeIDE_1.19.0/STM32CubeIDE/plugins/com.st.stm32cube.ide.mcu.externaltools.gnu-tools-for-stm32.13.3.rel1.win32_1.0.0.202411081344/tools/bin/../lib/gcc/arm-none-eabi/13.3.1/../../../../arm-none-eabi/lib/thumb/v7e-m+dp/hard\libc_nano.a
LOAD C:/ST/STM32CubeIDE_1.19.0/STM32CubeIDE/plugins/com.st.stm32cube.ide.mcu.externaltools.gnu-tools-for-stm32.13.3.rel1.win32_1.0.0.202411081344/tools/bin/../lib/gcc/arm-none-eabi/13.3.1/../../../../arm-none-eabi/lib/thumb/v7e-m+dp/hard\libnosys.a
END GROUP
LOAD C:/ST/STM32CubeIDE_1.19.0/STM32CubeIDE/plugins/com.st.stm32cube.ide.mcu.externaltools.gnu-tools-for-stm32.13.3.rel1.win32_1.0.0.202411081344/tools/bin/../lib/gcc/arm-none-eabi/13.3.1/thumb/v7e-m+dp/hard/crtend.o
LOAD C:/ST/STM32CubeIDE_1.19.0/STM32CubeIDE/plugins/com.st.stm32cube.ide.mcu.externaltools.gnu-tools-for-stm32.13.3.rel1.win32_1.0.0.202411081344/tools/bin/../lib/gcc/arm-none-eabi/13.3.1/thumb/v7e-m+dp/hard/crtn.o
                0x20080000                        _estack = (ORIGIN (RAM) + LENGTH (RAM))
                0x00000200                        _Min_Heap_Size = 0x200
                0x00000400                        _Min_Stack_Size = 0x400

.isr_vector     0x08000000      0x1f8
                0x08000000                        . = ALIGN (0x4)
 *(.isr_vector)
 .isr_vector    0x08000000      0x1f8 ./Core/Startup/startup_stm32f767bgtx.o
                0x08000000                g_pfnVectors
                0x080001f8                        . = ALIGN (0x4)

.text           0x08000200     0xd0a8
                0x08000200                        . = ALIGN (0x4)
 *(.text)
 .text          0x08000200       0x40 C:/ST/STM32CubeIDE_1.19.0/STM32CubeIDE/plugins/com.st.stm32cube.ide.mcu.externaltools.gnu-tools-for-stm32.13.3.rel1.win32_1.0.0.202411081344/tools/bin/../lib/gcc/arm-none-eabi/13.3.1/thumb/v7e-m+dp/hard/crtbegin.o
 .text          0x08000240       0xa0 C:/ST/STM32CubeIDE_1.19.0/STM32CubeIDE/plugins/com.st.stm32cube.ide.mcu.externaltools.gnu-tools-for-stm32.13.3.rel1.win32_1.0.0.202411081344/tools/bin/../lib/gcc/arm-none-eabi/13.3.1/../../../../arm-none-eabi/lib/thumb/v7e-m+dp/hard\libc_nano.a(libc_a-memchr.o)
                0x08000240                memchr
 .text          0x080002e0       0x30 C:/ST/STM32CubeIDE_1.19.0/STM32CubeIDE/plugins/com.st.stm32cube.ide.mcu.externaltools.gnu-tools-for-stm32.13.3.rel1.win32_1.0.0.202411081344/tools/bin/../lib/gcc/arm-none-eabi/13.3.1/thumb/v7e-m+dp/hard\libgcc.a(_aeabi_uldivmod.o)
                0x080002e0                __aeabi_uldivmod
 .text          0x08000310      0x2f8 C:/ST/STM32CubeIDE_1.19.0/STM32CubeIDE/plugins/com.st.stm32cube.ide.mcu.externaltools.gnu-tools-for-stm32.13.3.rel1.win32_1.0.0.202411081344/tools/bin/../lib/gcc/arm-none-eabi/13.3.1/thumb/v7e-m+dp/hard\libgcc.a(_udivmoddi4.o)
                0x08000310                __udivmoddi4
 .text          0x08000608        0x4 C:/ST/STM32CubeIDE_1.19.0/STM32CubeIDE/plugins/com.st.stm32cube.ide.mcu.externaltools.gnu-tools-for-stm32.13.3.rel1.win32_1.0.0.202411081344/tools/bin/../lib/gcc/arm-none-eabi/13.3.1/thumb/v7e-m+dp/hard\libgcc.a(_dvmd_tls.o)
                0x08000608                __aeabi_idiv0
                0x08000608                __aeabi_ldiv0
 *(.text*)
 .text.MX_CAN1_Init
                0x0800060c       0x6c ./Core/Src/can.o
                0x0800060c                MX_CAN1_Init
 .text.HAL_CAN_MspInit
                0x08000678       0xbc ./Core/Src/can.o
                0x08000678                HAL_CAN_MspInit
 .text.CAN_AppInit
                0x08000734       0x2c ./Core/Src/can_app.o
                0x08000734                CAN_AppInit
 .text.CAN_FilterAcceptAll
                0x08000760       0x5c ./Core/Src/can_app.o
 .text.CAN_AppStart
                0x080007bc       0x34 ./Core/Src/can_app.o
                0x080007bc                CAN_AppStart
 .text.HAL_CAN_RxFifo0MsgPendingCallback
                0x080007f0       0xc8 ./Core/Src/can_app.o
                0x080007f0                HAL_CAN_RxFifo0MsgPendingCallback
 .text.pack_sensor_status_2bit
                0x080008b8       0x48 ./Core/Src/can_node.o
 .text.CAN_SendChunk
                0x08000900       0x68 ./Core/Src/can_node.o
 .text.SendAll4Chunks
                0x08000968       0xc4 ./Core/Src/can_node.o
 .text.CAN_NodeTxTask
                0x08000a2c       0x68 ./Core/Src/can_node.o
                0x08000a2c                CAN_NodeTxTask
 .text.clamp_u8
                0x08000a94       0x2c ./Core/Src/freertos.o
 .text.MX_FREERTOS_Init
                0x08000ac0      0x11c ./Core/Src/freertos.o
                0x08000ac0                MX_FREERTOS_Init
 .text.StartDefaultTask
                0x08000bdc       0x10 ./Core/Src/freertos.o
                0x08000bdc                StartDefaultTask
 .text.SensorTask
                0x08000bec      0x16c ./Core/Src/freertos.o
                0x08000bec                SensorTask
 .text.CmdTask  0x08000d58       0x50 ./Core/Src/freertos.o
                0x08000d58                CmdTask
 .text.CanTxTask
                0x08000da8       0x10 ./Core/Src/freertos.o
                0x08000da8                CanTxTask
 .text.DebugTask
                0x08000db8       0x20 ./Core/Src/freertos.o
                0x08000db8                DebugTask
 .text.print_can_frame
                0x08000dd8       0x60 ./Core/Src/freertos.o
                0x08000dd8                print_can_frame
 .text.MX_GPIO_Init
                0x08000e38      0x3b8 ./Core/Src/gpio.o
                0x08000e38                MX_GPIO_Init
 .text.MX_I2C1_Init
                0x080011f0       0x80 ./Core/Src/i2c.o
                0x080011f0                MX_I2C1_Init
 .text.MX_I2C2_Init
                0x08001270       0x80 ./Core/Src/i2c.o
                0x08001270                MX_I2C2_Init
 .text.MX_I2C3_Init
                0x080012f0       0x80 ./Core/Src/i2c.o
                0x080012f0                MX_I2C3_Init
 .text.MX_I2C4_Init
                0x08001370       0x80 ./Core/Src/i2c.o
                0x08001370                MX_I2C4_Init
 .text.HAL_I2C_MspInit
                0x080013f0      0x268 ./Core/Src/i2c.o
                0x080013f0                HAL_I2C_MspInit
 .text.HAL_I2C_MspDeInit
                0x08001658       0xd4 ./Core/Src/i2c.o
                0x08001658                HAL_I2C_MspDeInit
 .text._write   0x0800172c       0x2c ./Core/Src/main.o
                0x0800172c                _write
 .text.main     0x08001758       0x54 ./Core/Src/main.o
                0x08001758                main
 .text.SystemClock_Config
                0x080017ac       0xe8 ./Core/Src/main.o
                0x080017ac                SystemClock_Config
 .text.MPU_Config
                0x08001894       0x58 ./Core/Src/main.o
 .text.Error_Handler
                0x080018ec        0xc ./Core/Src/main.o
                0x080018ec                Error_Handler
 .text.le_u32   0x080018f8       0x38 ./Core/Src/motor_cmd.o
 .text.motor_cmd_dispatch
                0x08001930       0xec ./Core/Src/motor_cmd.o
                0x08001930                motor_cmd_dispatch
 .text.VL53L4CD_SetI2CHandle
                0x08001a1c       0x20 ./Core/Src/platform.o
                0x08001a1c                VL53L4CD_SetI2CHandle
 .text.VL53L4CD_RdDWord
                0x08001a3c       0x7c ./Core/Src/platform.o
                0x08001a3c                VL53L4CD_RdDWord
 .text.VL53L4CD_RdWord
                0x08001ab8       0x78 ./Core/Src/platform.o
                0x08001ab8                VL53L4CD_RdWord
 .text.VL53L4CD_RdByte
                0x08001b30       0x68 ./Core/Src/platform.o
                0x08001b30                VL53L4CD_RdByte
 .text.VL53L4CD_WrByte
                0x08001b98       0x50 ./Core/Src/platform.o
                0x08001b98                VL53L4CD_WrByte
 .text.VL53L4CD_WrWord
                0x08001be8       0x5c ./Core/Src/platform.o
                0x08001be8                VL53L4CD_WrWord
 .text.VL53L4CD_WrDWord
                0x08001c44       0x68 ./Core/Src/platform.o
                0x08001c44                VL53L4CD_WrDWord
 .text.WaitMs   0x08001cac       0x1c ./Core/Src/platform.o
                0x08001cac                WaitMs
 .text.driver_enable
                0x08001cc8       0x50 ./Core/Src/stepperMotor.o
 .text.gate_enable
                0x08001d18       0x4c ./Core/Src/stepperMotor.o
 .text.set_dir  0x08001d64       0x54 ./Core/Src/stepperMotor.o
 .text.pwm_start_if_needed
                0x08001db8       0x54 ./Core/Src/stepperMotor.o
 .text.pwm_stop_if_idle
                0x08001e0c       0x28 ./Core/Src/stepperMotor.o
 .text.tim3_timclk_hz
                0x08001e34       0x2c ./Core/Src/stepperMotor.o
 .text.tim3_apply_step_hz
                0x08001e60       0x84 ./Core/Src/stepperMotor.o
 .text.stepper_init
                0x08001ee4      0x3a8 ./Core/Src/stepperMotor.o
                0x08001ee4                stepper_init
 .text.stepper_move_motor
                0x0800228c       0x98 ./Core/Src/stepperMotor.o
                0x0800228c                stepper_move_motor
 .text.stepper_move_mask
                0x08002324       0x9c ./Core/Src/stepperMotor.o
                0x08002324                stepper_move_mask
 .text.stepper_stop_motor
                0x080023c0       0x58 ./Core/Src/stepperMotor.o
                0x080023c0                stepper_stop_motor
 .text.stepper_stop_all
                0x08002418       0x50 ./Core/Src/stepperMotor.o
                0x08002418                stepper_stop_all
 .text.stepper_on_tick_isr
                0x08002468       0x98 ./Core/Src/stepperMotor.o
                0x08002468                stepper_on_tick_isr
 .text.v_motor_speed_update
                0x08002500       0x44 ./Core/Src/stepperMotor.o
                0x08002500                v_motor_speed_update
 .text.HAL_MspInit
                0x08002544       0x50 ./Core/Src/stm32f7xx_hal_msp.o
                0x08002544                HAL_MspInit
 .text.NMI_Handler
                0x08002594        0x8 ./Core/Src/stm32f7xx_it.o
                0x08002594                NMI_Handler
 .text.HardFault_Handler
                0x0800259c        0x8 ./Core/Src/stm32f7xx_it.o
                0x0800259c                HardFault_Handler
 .text.MemManage_Handler
                0x080025a4        0x8 ./Core/Src/stm32f7xx_it.o
                0x080025a4                MemManage_Handler
 .text.BusFault_Handler
                0x080025ac        0x8 ./Core/Src/stm32f7xx_it.o
                0x080025ac                BusFault_Handler
 .text.UsageFault_Handler
                0x080025b4        0x8 ./Core/Src/stm32f7xx_it.o
                0x080025b4                UsageFault_Handler
 .text.DebugMon_Handler
                0x080025bc        0xe ./Core/Src/stm32f7xx_it.o
                0x080025bc                DebugMon_Handler
 .text.SysTick_Handler
                0x080025ca       0x1a ./Core/Src/stm32f7xx_it.o
                0x080025ca                SysTick_Handler
 .text.CAN1_RX0_IRQHandler
                0x080025e4       0x14 ./Core/Src/stm32f7xx_it.o
                0x080025e4                CAN1_RX0_IRQHandler
 .text.TIM3_IRQHandler
                0x080025f8       0x14 ./Core/Src/stm32f7xx_it.o
                0x080025f8                TIM3_IRQHandler
 .text._read    0x0800260c       0x3a ./Core/Src/syscalls.o
                0x0800260c                _read
 .text._close   0x08002646       0x18 ./Core/Src/syscalls.o
                0x08002646                _close
 .text._fstat   0x0800265e       0x20 ./Core/Src/syscalls.o
                0x0800265e                _fstat
 .text._isatty  0x0800267e       0x16 ./Core/Src/syscalls.o
                0x0800267e                _isatty
 .text._lseek   0x08002694       0x1a ./Core/Src/syscalls.o
                0x08002694                _lseek
 *fill*         0x080026ae        0x2 
 .text._sbrk    0x080026b0       0x6c ./Core/Src/sysmem.o
                0x080026b0                _sbrk
 .text.SystemInit
                0x0800271c       0x24 ./Core/Src/system_stm32f7xx.o
                0x0800271c                SystemInit
 .text.MX_TIM3_Init
                0x08002740       0xf0 ./Core/Src/tim.o
                0x08002740                MX_TIM3_Init
 .text.HAL_TIM_Base_MspInit
                0x08002830       0x4c ./Core/Src/tim.o
                0x08002830                HAL_TIM_Base_MspInit
 .text.HAL_TIM_MspPostInit
                0x0800287c       0x70 ./Core/Src/tim.o
                0x0800287c                HAL_TIM_MspPostInit
 .text.HAL_TIM_PeriodElapsedCallback
                0x080028ec       0x24 ./Core/Src/tim.o
                0x080028ec                HAL_TIM_PeriodElapsedCallback
 .text.MX_USART2_UART_Init
                0x08002910       0x60 ./Core/Src/usart.o
                0x08002910                MX_USART2_UART_Init
 .text.HAL_UART_MspInit
                0x08002970       0xbc ./Core/Src/usart.o
                0x08002970                HAL_UART_MspInit
 .text.I2C_Scan7bit
                0x08002a2c       0x6c ./Core/Src/v_VL53L4CD.o
 .text.initialize_ptrTof_1_data
                0x08002a98       0x8c ./Core/Src/v_VL53L4CD.o
                0x08002a98                initialize_ptrTof_1_data
 .text.SetBusHandle
                0x08002b24       0x60 ./Core/Src/v_VL53L4CD.o
 .text.GetBusHi2c
                0x08002b84       0x58 ./Core/Src/v_VL53L4CD.o
 .text.RecoverBus
                0x08002bdc       0xb8 ./Core/Src/v_VL53L4CD.o
 .text.ResetAndReinitOne
                0x08002c94       0xe4 ./Core/Src/v_VL53L4CD.o
 .text.InitBus_Generic
                0x08002d78      0x3e8 ./Core/Src/v_VL53L4CD.o
 .text.ReadBus_Generic
                0x08003160      0x450 ./Core/Src/v_VL53L4CD.o
 .text.VL53L4CD_Init_Multi_I2C1
                0x080035b0       0x12 ./Core/Src/v_VL53L4CD.o
                0x080035b0                VL53L4CD_Init_Multi_I2C1
 .text.VL53L4CD_Init_Multi_I2C2
                0x080035c2       0x12 ./Core/Src/v_VL53L4CD.o
                0x080035c2                VL53L4CD_Init_Multi_I2C2
 .text.VL53L4CD_Init_Multi_I2C3
                0x080035d4       0x12 ./Core/Src/v_VL53L4CD.o
                0x080035d4                VL53L4CD_Init_Multi_I2C3
 .text.VL53L4CD_Init_Multi_I2C4
                0x080035e6       0x12 ./Core/Src/v_VL53L4CD.o
                0x080035e6                VL53L4CD_Init_Multi_I2C4
 .text.VL53L4CD_SensorRead_I2C1
                0x080035f8       0x28 ./Core/Src/v_VL53L4CD.o
                0x080035f8                VL53L4CD_SensorRead_I2C1
 .text.VL53L4CD_SensorRead_I2C2
                0x08003620       0x28 ./Core/Src/v_VL53L4CD.o
                0x08003620                VL53L4CD_SensorRead_I2C2
 .text.VL53L4CD_SensorRead_I2C3
                0x08003648       0x28 ./Core/Src/v_VL53L4CD.o
                0x08003648                VL53L4CD_SensorRead_I2C3
 .text.VL53L4CD_SensorRead_I2C4
                0x08003670       0x28 ./Core/Src/v_VL53L4CD.o
                0x08003670                VL53L4CD_SensorRead_I2C4
 .text.Reset_Handler
                0x08003698       0x50 ./Core/Startup/startup_stm32f767bgtx.o
                0x08003698                Reset_Handler
 .text.Default_Handler
                0x080036e8        0x2 ./Core/Startup/startup_stm32f767bgtx.o
                0x080036e8                RTC_Alarm_IRQHandler
                0x080036e8                EXTI2_IRQHandler
                0x080036e8                TIM8_CC_IRQHandler
                0x080036e8                UART8_IRQHandler
                0x080036e8                SPI4_IRQHandler
                0x080036e8                TIM1_CC_IRQHandler
                0x080036e8                DMA2_Stream5_IRQHandler
                0x080036e8                JPEG_IRQHandler
                0x080036e8                DMA1_Stream5_IRQHandler
                0x080036e8                CAN3_RX1_IRQHandler
                0x080036e8                PVD_IRQHandler
                0x080036e8                TAMP_STAMP_IRQHandler
                0x080036e8                CAN2_RX1_IRQHandler
                0x080036e8                EXTI3_IRQHandler
                0x080036e8                TIM8_TRG_COM_TIM14_IRQHandler
                0x080036e8                DFSDM1_FLT1_IRQHandler
                0x080036e8                TIM1_UP_TIM10_IRQHandler
                0x080036e8                TIM8_UP_TIM13_IRQHandler
                0x080036e8                I2C3_ER_IRQHandler
                0x080036e8                DFSDM1_FLT2_IRQHandler
                0x080036e8                EXTI0_IRQHandler
                0x080036e8                I2C2_EV_IRQHandler
                0x080036e8                DMA1_Stream2_IRQHandler
                0x080036e8                FPU_IRQHandler
                0x080036e8                OTG_HS_WKUP_IRQHandler
                0x080036e8                CAN3_SCE_IRQHandler
                0x080036e8                LTDC_ER_IRQHandler
                0x080036e8                CAN2_SCE_IRQHandler
                0x080036e8                DMA2_Stream2_IRQHandler
                0x080036e8                SPI1_IRQHandler
                0x080036e8                TIM6_DAC_IRQHandler
                0x080036e8                TIM1_BRK_TIM9_IRQHandler
                0x080036e8                DCMI_IRQHandler
                0x080036e8                CAN2_RX0_IRQHandler
                0x080036e8                DMA2_Stream3_IRQHandler
                0x080036e8                SAI2_IRQHandler
                0x080036e8                DFSDM1_FLT3_IRQHandler
                0x080036e8                USART6_IRQHandler
                0x080036e8                CAN3_RX0_IRQHandler
                0x080036e8                USART3_IRQHandler
                0x080036e8                CAN1_RX1_IRQHandler
                0x080036e8                UART5_IRQHandler
                0x080036e8                DMA2_Stream0_IRQHandler
                0x080036e8                TIM4_IRQHandler
                0x080036e8                QUADSPI_IRQHandler
                0x080036e8                I2C1_EV_IRQHandler
                0x080036e8                DMA1_Stream6_IRQHandler
                0x080036e8                DMA1_Stream1_IRQHandler
                0x080036e8                UART4_IRQHandler
                0x080036e8                RCC_IRQHandler
                0x080036e8                TIM8_BRK_TIM12_IRQHandler
                0x080036e8                Default_Handler
                0x080036e8                CEC_IRQHandler
                0x080036e8                EXTI15_10_IRQHandler
                0x080036e8                ADC_IRQHandler
                0x080036e8                DMA1_Stream7_IRQHandler
                0x080036e8                SPI5_IRQHandler
                0x080036e8                TIM7_IRQHandler
                0x080036e8                SDMMC1_IRQHandler
                0x080036e8                CAN2_TX_IRQHandler
                0x080036e8                TIM5_IRQHandler
                0x080036e8                DMA2_Stream7_IRQHandler
                0x080036e8                I2C3_EV_IRQHandler
                0x080036e8                EXTI9_5_IRQHandler
                0x080036e8                RTC_WKUP_IRQHandler
                0x080036e8                LTDC_IRQHandler
                0x080036e8                ETH_WKUP_IRQHandler
                0x080036e8                SPDIF_RX_IRQHandler
                0x080036e8                SPI2_IRQHandler
                0x080036e8                OTG_HS_EP1_IN_IRQHandler
                0x080036e8                DMA1_Stream0_IRQHandler
                0x080036e8                CAN1_TX_IRQHandler
                0x080036e8                EXTI4_IRQHandler
                0x080036e8                RNG_IRQHandler
                0x080036e8                ETH_IRQHandler
                0x080036e8                OTG_HS_EP1_OUT_IRQHandler
                0x080036e8                WWDG_IRQHandler
                0x080036e8                SPI6_IRQHandler
                0x080036e8                MDIOS_IRQHandler
                0x080036e8                I2C4_EV_IRQHandler
                0x080036e8                CAN3_TX_IRQHandler
                0x080036e8                TIM2_IRQHandler
                0x080036e8                OTG_FS_WKUP_IRQHandler
                0x080036e8                TIM1_TRG_COM_TIM11_IRQHandler
                0x080036e8                OTG_HS_IRQHandler
                0x080036e8                DMA2D_IRQHandler
                0x080036e8                EXTI1_IRQHandler
                0x080036e8                SDMMC2_IRQHandler
                0x080036e8                UART7_IRQHandler
                0x080036e8                USART2_IRQHandler
                0x080036e8                DFSDM1_FLT0_IRQHandler
                0x080036e8                I2C2_ER_IRQHandler
                0x080036e8                DMA2_Stream1_IRQHandler
                0x080036e8                CAN1_SCE_IRQHandler
                0x080036e8                FLASH_IRQHandler
                0x080036e8                DMA2_Stream4_IRQHandler
                0x080036e8                USART1_IRQHandler
                0x080036e8                OTG_FS_IRQHandler
                0x080036e8                SPI3_IRQHandler
                0x080036e8                DMA1_Stream4_IRQHandler
                0x080036e8                I2C1_ER_IRQHandler
                0x080036e8                FMC_IRQHandler
                0x080036e8                LPTIM1_IRQHandler
                0x080036e8                I2C4_ER_IRQHandler
                0x080036e8                DMA2_Stream6_IRQHandler
                0x080036e8                SAI1_IRQHandler
                0x080036e8                DMA1_Stream3_IRQHandler
 .text.VL53L4CD_SetI2CAddress
                0x080036ea       0x38 ./Drivers/BSP/Components/VL53L4CD_ULD_Driver/VL53L4CD_api.o
                0x080036ea                VL53L4CD_SetI2CAddress
 .text.VL53L4CD_GetSensorId
                0x08003722       0x32 ./Drivers/BSP/Components/VL53L4CD_ULD_Driver/VL53L4CD_api.o
                0x08003722                VL53L4CD_GetSensorId
 .text.VL53L4CD_SensorInit
                0x08003754      0x188 ./Drivers/BSP/Components/VL53L4CD_ULD_Driver/VL53L4CD_api.o
                0x08003754                VL53L4CD_SensorInit
 .text.VL53L4CD_ClearInterrupt
                0x080038dc       0x2e ./Drivers/BSP/Components/VL53L4CD_ULD_Driver/VL53L4CD_api.o
                0x080038dc                VL53L4CD_ClearInterrupt
 .text.VL53L4CD_StartRanging
                0x0800390a       0x64 ./Drivers/BSP/Components/VL53L4CD_ULD_Driver/VL53L4CD_api.o
                0x0800390a                VL53L4CD_StartRanging
 .text.VL53L4CD_StopRanging
                0x0800396e       0x2e ./Drivers/BSP/Components/VL53L4CD_ULD_Driver/VL53L4CD_api.o
                0x0800396e                VL53L4CD_StopRanging
 .text.VL53L4CD_CheckForDataReady
                0x0800399c       0x86 ./Drivers/BSP/Components/VL53L4CD_ULD_Driver/VL53L4CD_api.o
                0x0800399c                VL53L4CD_CheckForDataReady
 *fill*         0x08003a22        0x2 
 .text.VL53L4CD_SetRangeTiming
                0x08003a24      0x238 ./Drivers/BSP/Components/VL53L4CD_ULD_Driver/VL53L4CD_api.o
                0x08003a24                VL53L4CD_SetRangeTiming
 .text.VL53L4CD_GetResult
                0x08003c5c      0x160 ./Drivers/BSP/Components/VL53L4CD_ULD_Driver/VL53L4CD_api.o
                0x08003c5c                VL53L4CD_GetResult
 .text.HAL_Init
                0x08003dbc       0x1a ./Drivers/STM32F7xx_HAL_Driver/Src/stm32f7xx_hal.o
                0x08003dbc                HAL_Init
 *fill*         0x08003dd6        0x2 
 .text.HAL_InitTick
                0x08003dd8       0x60 ./Drivers/STM32F7xx_HAL_Driver/Src/stm32f7xx_hal.o
                0x08003dd8                HAL_InitTick
 .text.HAL_IncTick
                0x08003e38       0x28 ./Drivers/STM32F7xx_HAL_Driver/Src/stm32f7xx_hal.o
                0x08003e38                HAL_IncTick
 .text.HAL_GetTick
                0x08003e60       0x18 ./Drivers/STM32F7xx_HAL_Driver/Src/stm32f7xx_hal.o
                0x08003e60                HAL_GetTick
 .text.HAL_Delay
                0x08003e78       0x48 ./Drivers/STM32F7xx_HAL_Driver/Src/stm32f7xx_hal.o
                0x08003e78                HAL_Delay
 .text.HAL_CAN_Init
                0x08003ec0      0x1f6 ./Drivers/STM32F7xx_HAL_Driver/Src/stm32f7xx_hal_can.o
                0x08003ec0                HAL_CAN_Init
 *fill*         0x080040b6        0x2 
 .text.HAL_CAN_ConfigFilter
                0x080040b8      0x1d8 ./Drivers/STM32F7xx_HAL_Driver/Src/stm32f7xx_hal_can.o
                0x080040b8                HAL_CAN_ConfigFilter
 .text.HAL_CAN_Start
                0x08004290       0x88 ./Drivers/STM32F7xx_HAL_Driver/Src/stm32f7xx_hal_can.o
                0x08004290                HAL_CAN_Start
 .text.HAL_CAN_AddTxMessage
                0x08004318      0x1a0 ./Drivers/STM32F7xx_HAL_Driver/Src/stm32f7xx_hal_can.o
                0x08004318                HAL_CAN_AddTxMessage
 .text.HAL_CAN_GetTxMailboxesFreeLevel
                0x080044b8       0x6a ./Drivers/STM32F7xx_HAL_Driver/Src/stm32f7xx_hal_can.o
                0x080044b8                HAL_CAN_GetTxMailboxesFreeLevel
 .text.HAL_CAN_GetRxMessage
                0x08004522      0x244 ./Drivers/STM32F7xx_HAL_Driver/Src/stm32f7xx_hal_can.o
                0x08004522                HAL_CAN_GetRxMessage
 .text.HAL_CAN_GetRxFifoFillLevel
                0x08004766       0x50 ./Drivers/STM32F7xx_HAL_Driver/Src/stm32f7xx_hal_can.o
                0x08004766                HAL_CAN_GetRxFifoFillLevel
 .text.HAL_CAN_ActivateNotification
                0x080047b6       0x4c ./Drivers/STM32F7xx_HAL_Driver/Src/stm32f7xx_hal_can.o
                0x080047b6                HAL_CAN_ActivateNotification
 .text.HAL_CAN_IRQHandler
                0x08004802      0x36e ./Drivers/STM32F7xx_HAL_Driver/Src/stm32f7xx_hal_can.o
                0x08004802                HAL_CAN_IRQHandler
 .text.HAL_CAN_TxMailbox0CompleteCallback
                0x08004b70       0x14 ./Drivers/STM32F7xx_HAL_Driver/Src/stm32f7xx_hal_can.o
                0x08004b70                HAL_CAN_TxMailbox0CompleteCallback
 .text.HAL_CAN_TxMailbox1CompleteCallback
                0x08004b84       0x14 ./Drivers/STM32F7xx_HAL_Driver/Src/stm32f7xx_hal_can.o
                0x08004b84                HAL_CAN_TxMailbox1CompleteCallback
 .text.HAL_CAN_TxMailbox2CompleteCallback
                0x08004b98       0x14 ./Drivers/STM32F7xx_HAL_Driver/Src/stm32f7xx_hal_can.o
                0x08004b98                HAL_CAN_TxMailbox2CompleteCallback
 .text.HAL_CAN_TxMailbox0AbortCallback
                0x08004bac       0x14 ./Drivers/STM32F7xx_HAL_Driver/Src/stm32f7xx_hal_can.o
                0x08004bac                HAL_CAN_TxMailbox0AbortCallback
 .text.HAL_CAN_TxMailbox1AbortCallback
                0x08004bc0       0x14 ./Drivers/STM32F7xx_HAL_Driver/Src/stm32f7xx_hal_can.o
                0x08004bc0                HAL_CAN_TxMailbox1AbortCallback
 .text.HAL_CAN_TxMailbox2AbortCallback
                0x08004bd4       0x14 ./Drivers/STM32F7xx_HAL_Driver/Src/stm32f7xx_hal_can.o
                0x08004bd4                HAL_CAN_TxMailbox2AbortCallback
 .text.HAL_CAN_RxFifo0FullCallback
                0x08004be8       0x14 ./Drivers/STM32F7xx_HAL_Driver/Src/stm32f7xx_hal_can.o
                0x08004be8                HAL_CAN_RxFifo0FullCallback
 .text.HAL_CAN_RxFifo1MsgPendingCallback
                0x08004bfc       0x14 ./Drivers/STM32F7xx_HAL_Driver/Src/stm32f7xx_hal_can.o
                0x08004bfc                HAL_CAN_RxFifo1MsgPendingCallback
 .text.HAL_CAN_RxFifo1FullCallback
                0x08004c10       0x14 ./Drivers/STM32F7xx_HAL_Driver/Src/stm32f7xx_hal_can.o
                0x08004c10                HAL_CAN_RxFifo1FullCallback
 .text.HAL_CAN_SleepCallback
                0x08004c24       0x14 ./Drivers/STM32F7xx_HAL_Driver/Src/stm32f7xx_hal_can.o
                0x08004c24                HAL_CAN_SleepCallback
 .text.HAL_CAN_WakeUpFromRxMsgCallback
                0x08004c38       0x14 ./Drivers/STM32F7xx_HAL_Driver/Src/stm32f7xx_hal_can.o
                0x08004c38                HAL_CAN_WakeUpFromRxMsgCallback
 .text.HAL_CAN_ErrorCallback
                0x08004c4c       0x14 ./Drivers/STM32F7xx_HAL_Driver/Src/stm32f7xx_hal_can.o
                0x08004c4c                HAL_CAN_ErrorCallback
 .text.__NVIC_SetPriorityGrouping
                0x08004c60       0x48 ./Drivers/STM32F7xx_HAL_Driver/Src/stm32f7xx_hal_cortex.o
 .text.__NVIC_GetPriorityGrouping
                0x08004ca8       0x1c ./Drivers/STM32F7xx_HAL_Driver/Src/stm32f7xx_hal_cortex.o
 .text.__NVIC_EnableIRQ
                0x08004cc4       0x3c ./Drivers/STM32F7xx_HAL_Driver/Src/stm32f7xx_hal_cortex.o
 .text.__NVIC_SetPriority
                0x08004d00       0x54 ./Drivers/STM32F7xx_HAL_Driver/Src/stm32f7xx_hal_cortex.o
 .text.NVIC_EncodePriority
                0x08004d54       0x66 ./Drivers/STM32F7xx_HAL_Driver/Src/stm32f7xx_hal_cortex.o
 *fill*         0x08004dba        0x2 
 .text.SysTick_Config
                0x08004dbc       0x44 ./Drivers/STM32F7xx_HAL_Driver/Src/stm32f7xx_hal_cortex.o
 .text.HAL_NVIC_SetPriorityGrouping
                0x08004e00       0x16 ./Drivers/STM32F7xx_HAL_Driver/Src/stm32f7xx_hal_cortex.o
                0x08004e00                HAL_NVIC_SetPriorityGrouping
 .text.HAL_NVIC_SetPriority
                0x08004e16       0x38 ./Drivers/STM32F7xx_HAL_Driver/Src/stm32f7xx_hal_cortex.o
                0x08004e16                HAL_NVIC_SetPriority
 .text.HAL_NVIC_EnableIRQ
                0x08004e4e       0x1c ./Drivers/STM32F7xx_HAL_Driver/Src/stm32f7xx_hal_cortex.o
                0x08004e4e                HAL_NVIC_EnableIRQ
 .text.HAL_SYSTICK_Config
                0x08004e6a       0x18 ./Drivers/STM32F7xx_HAL_Driver/Src/stm32f7xx_hal_cortex.o
                0x08004e6a                HAL_SYSTICK_Config
 *fill*         0x08004e82        0x2 
 .text.HAL_MPU_Disable
                0x08004e84       0x30 ./Drivers/STM32F7xx_HAL_Driver/Src/stm32f7xx_hal_cortex.o
                0x08004e84                HAL_MPU_Disable
 .text.HAL_MPU_Enable
                0x08004eb4       0x40 ./Drivers/STM32F7xx_HAL_Driver/Src/stm32f7xx_hal_cortex.o
                0x08004eb4                HAL_MPU_Enable
 .text.HAL_MPU_ConfigRegion
                0x08004ef4       0x80 ./Drivers/STM32F7xx_HAL_Driver/Src/stm32f7xx_hal_cortex.o
                0x08004ef4                HAL_MPU_ConfigRegion
 .text.HAL_GPIO_Init
                0x08004f74      0x358 ./Drivers/STM32F7xx_HAL_Driver/Src/stm32f7xx_hal_gpio.o
                0x08004f74                HAL_GPIO_Init
 .text.HAL_GPIO_DeInit
                0x080052cc      0x218 ./Drivers/STM32F7xx_HAL_Driver/Src/stm32f7xx_hal_gpio.o
                0x080052cc                HAL_GPIO_DeInit
 .text.HAL_GPIO_WritePin
                0x080054e4       0x32 ./Drivers/STM32F7xx_HAL_Driver/Src/stm32f7xx_hal_gpio.o
                0x080054e4                HAL_GPIO_WritePin
 .text.HAL_GPIO_TogglePin
                0x08005516       0x34 ./Drivers/STM32F7xx_HAL_Driver/Src/stm32f7xx_hal_gpio.o
                0x08005516                HAL_GPIO_TogglePin
 *fill*         0x0800554a        0x2 
 .text.HAL_I2C_Init
                0x0800554c      0x138 ./Drivers/STM32F7xx_HAL_Driver/Src/stm32f7xx_hal_i2c.o
                0x0800554c                HAL_I2C_Init
 .text.HAL_I2C_DeInit
                0x08005684       0x5e ./Drivers/STM32F7xx_HAL_Driver/Src/stm32f7xx_hal_i2c.o
                0x08005684                HAL_I2C_DeInit
 *fill*         0x080056e2        0x2 
 .text.HAL_I2C_Master_Transmit
                0x080056e4      0x230 ./Drivers/STM32F7xx_HAL_Driver/Src/stm32f7xx_hal_i2c.o
                0x080056e4                HAL_I2C_Master_Transmit
 .text.HAL_I2C_Master_Receive
                0x08005914      0x1ec ./Drivers/STM32F7xx_HAL_Driver/Src/stm32f7xx_hal_i2c.o
                0x08005914                HAL_I2C_Master_Receive
 .text.HAL_I2C_IsDeviceReady
                0x08005b00      0x20c ./Drivers/STM32F7xx_HAL_Driver/Src/stm32f7xx_hal_i2c.o
                0x08005b00                HAL_I2C_IsDeviceReady
 .text.HAL_I2C_GetError
                0x08005d0c       0x18 ./Drivers/STM32F7xx_HAL_Driver/Src/stm32f7xx_hal_i2c.o
                0x08005d0c                HAL_I2C_GetError
 .text.I2C_Flush_TXDR
                0x08005d24       0x48 ./Drivers/STM32F7xx_HAL_Driver/Src/stm32f7xx_hal_i2c.o
 .text.I2C_WaitOnFlagUntilTimeout
                0x08005d6c       0xb2 ./Drivers/STM32F7xx_HAL_Driver/Src/stm32f7xx_hal_i2c.o
 .text.I2C_WaitOnTXISFlagUntilTimeout
                0x08005e1e       0x8e ./Drivers/STM32F7xx_HAL_Driver/Src/stm32f7xx_hal_i2c.o
 .text.I2C_WaitOnSTOPFlagUntilTimeout
                0x08005eac       0x86 ./Drivers/STM32F7xx_HAL_Driver/Src/stm32f7xx_hal_i2c.o
 *fill*         0x08005f32        0x2 
 .text.I2C_WaitOnRXNEFlagUntilTimeout
                0x08005f34      0x118 ./Drivers/STM32F7xx_HAL_Driver/Src/stm32f7xx_hal_i2c.o
 .text.I2C_IsErrorOccurred
                0x0800604c      0x1c0 ./Drivers/STM32F7xx_HAL_Driver/Src/stm32f7xx_hal_i2c.o
 .text.I2C_TransferConfig
                0x0800620c       0x64 ./Drivers/STM32F7xx_HAL_Driver/Src/stm32f7xx_hal_i2c.o
 .text.HAL_I2CEx_ConfigAnalogFilter
                0x08006270       0x96 ./Drivers/STM32F7xx_HAL_Driver/Src/stm32f7xx_hal_i2c_ex.o
                0x08006270                HAL_I2CEx_ConfigAnalogFilter
 .text.HAL_I2CEx_ConfigDigitalFilter
                0x08006306       0x98 ./Drivers/STM32F7xx_HAL_Driver/Src/stm32f7xx_hal_i2c_ex.o
                0x08006306                HAL_I2CEx_ConfigDigitalFilter
 *fill*         0x0800639e        0x2 
 .text.HAL_PWR_EnableBkUpAccess
                0x080063a0       0x20 ./Drivers/STM32F7xx_HAL_Driver/Src/stm32f7xx_hal_pwr.o
                0x080063a0                HAL_PWR_EnableBkUpAccess
 .text.HAL_PWREx_EnableOverDrive
                0x080063c0       0xa0 ./Drivers/STM32F7xx_HAL_Driver/Src/stm32f7xx_hal_pwr_ex.o
                0x080063c0                HAL_PWREx_EnableOverDrive
 .text.HAL_RCC_OscConfig
                0x08006460      0x55c ./Drivers/STM32F7xx_HAL_Driver/Src/stm32f7xx_hal_rcc.o
                0x08006460                HAL_RCC_OscConfig
 .text.HAL_RCC_ClockConfig
                0x080069bc      0x1d8 ./Drivers/STM32F7xx_HAL_Driver/Src/stm32f7xx_hal_rcc.o
                0x080069bc                HAL_RCC_ClockConfig
 .text.HAL_RCC_GetSysClockFreq
                0x08006b94      0x20c ./Drivers/STM32F7xx_HAL_Driver/Src/stm32f7xx_hal_rcc.o
                0x08006b94                HAL_RCC_GetSysClockFreq
 .text.HAL_RCC_GetHCLKFreq
                0x08006da0       0x18 ./Drivers/STM32F7xx_HAL_Driver/Src/stm32f7xx_hal_rcc.o
                0x08006da0                HAL_RCC_GetHCLKFreq
 .text.HAL_RCC_GetPCLK1Freq
                0x08006db8       0x28 ./Drivers/STM32F7xx_HAL_Driver/Src/stm32f7xx_hal_rcc.o
                0x08006db8                HAL_RCC_GetPCLK1Freq
 .text.HAL_RCC_GetPCLK2Freq
                0x08006de0       0x28 ./Drivers/STM32F7xx_HAL_Driver/Src/stm32f7xx_hal_rcc.o
                0x08006de0                HAL_RCC_GetPCLK2Freq
 .text.HAL_RCCEx_PeriphCLKConfig
                0x08006e08      0x850 ./Drivers/STM32F7xx_HAL_Driver/Src/stm32f7xx_hal_rcc_ex.o
                0x08006e08                HAL_RCCEx_PeriphCLKConfig
 .text.HAL_TIM_Base_Init
                0x08007658       0xae ./Drivers/STM32F7xx_HAL_Driver/Src/stm32f7xx_hal_tim.o
                0x08007658                HAL_TIM_Base_Init
 *fill*         0x08007706        0x2 
 .text.HAL_TIM_Base_Start_IT
                0x08007708       0xf0 ./Drivers/STM32F7xx_HAL_Driver/Src/stm32f7xx_hal_tim.o
                0x08007708                HAL_TIM_Base_Start_IT
 .text.HAL_TIM_Base_Stop_IT
                0x080077f8       0x60 ./Drivers/STM32F7xx_HAL_Driver/Src/stm32f7xx_hal_tim.o
                0x080077f8                HAL_TIM_Base_Stop_IT
 .text.HAL_TIM_PWM_Init
                0x08007858       0xae ./Drivers/STM32F7xx_HAL_Driver/Src/stm32f7xx_hal_tim.o
                0x08007858                HAL_TIM_PWM_Init
 .text.HAL_TIM_PWM_MspInit
                0x08007906       0x14 ./Drivers/STM32F7xx_HAL_Driver/Src/stm32f7xx_hal_tim.o
                0x08007906                HAL_TIM_PWM_MspInit
 *fill*         0x0800791a        0x2 
 .text.HAL_TIM_PWM_Start
                0x0800791c      0x1f4 ./Drivers/STM32F7xx_HAL_Driver/Src/stm32f7xx_hal_tim.o
                0x0800791c                HAL_TIM_PWM_Start
 .text.HAL_TIM_PWM_Stop
                0x08007b10      0x100 ./Drivers/STM32F7xx_HAL_Driver/Src/stm32f7xx_hal_tim.o
                0x08007b10                HAL_TIM_PWM_Stop
 .text.HAL_TIM_IRQHandler
                0x08007c10      0x20e ./Drivers/STM32F7xx_HAL_Driver/Src/stm32f7xx_hal_tim.o
                0x08007c10                HAL_TIM_IRQHandler
 *fill*         0x08007e1e        0x2 
 .text.HAL_TIM_PWM_ConfigChannel
                0x08007e20      0x228 ./Drivers/STM32F7xx_HAL_Driver/Src/stm32f7xx_hal_tim.o
                0x08007e20                HAL_TIM_PWM_ConfigChannel
 .text.HAL_TIM_ConfigClockSource
                0x08008048      0x194 ./Drivers/STM32F7xx_HAL_Driver/Src/stm32f7xx_hal_tim.o
                0x08008048                HAL_TIM_ConfigClockSource
 .text.HAL_TIM_OC_DelayElapsedCallback
                0x080081dc       0x14 ./Drivers/STM32F7xx_HAL_Driver/Src/stm32f7xx_hal_tim.o
                0x080081dc                HAL_TIM_OC_DelayElapsedCallback
 .text.HAL_TIM_IC_CaptureCallback
                0x080081f0       0x14 ./Drivers/STM32F7xx_HAL_Driver/Src/stm32f7xx_hal_tim.o
                0x080081f0                HAL_TIM_IC_CaptureCallback
 .text.HAL_TIM_PWM_PulseFinishedCallback
                0x08008204       0x14 ./Drivers/STM32F7xx_HAL_Driver/Src/stm32f7xx_hal_tim.o
                0x08008204                HAL_TIM_PWM_PulseFinishedCallback
 .text.HAL_TIM_TriggerCallback
                0x08008218       0x14 ./Drivers/STM32F7xx_HAL_Driver/Src/stm32f7xx_hal_tim.o
                0x08008218                HAL_TIM_TriggerCallback
 .text.TIM_Base_SetConfig
                0x0800822c      0x14c ./Drivers/STM32F7xx_HAL_Driver/Src/stm32f7xx_hal_tim.o
                0x0800822c                TIM_Base_SetConfig
 .text.TIM_OC1_SetConfig
                0x08008378       0xe4 ./Drivers/STM32F7xx_HAL_Driver/Src/stm32f7xx_hal_tim.o
 .text.TIM_OC2_SetConfig
                0x0800845c       0xf0 ./Drivers/STM32F7xx_HAL_Driver/Src/stm32f7xx_hal_tim.o
                0x0800845c                TIM_OC2_SetConfig
 .text.TIM_OC3_SetConfig
                0x0800854c       0xec ./Drivers/STM32F7xx_HAL_Driver/Src/stm32f7xx_hal_tim.o
 .text.TIM_OC4_SetConfig
                0x08008638       0xb0 ./Drivers/STM32F7xx_HAL_Driver/Src/stm32f7xx_hal_tim.o
 .text.TIM_OC5_SetConfig
                0x080086e8       0xa4 ./Drivers/STM32F7xx_HAL_Driver/Src/stm32f7xx_hal_tim.o
 .text.TIM_OC6_SetConfig
                0x0800878c       0xa8 ./Drivers/STM32F7xx_HAL_Driver/Src/stm32f7xx_hal_tim.o
 .text.TIM_TI1_ConfigInputStage
                0x08008834       0x5e ./Drivers/STM32F7xx_HAL_Driver/Src/stm32f7xx_hal_tim.o
 .text.TIM_TI2_ConfigInputStage
                0x08008892       0x60 ./Drivers/STM32F7xx_HAL_Driver/Src/stm32f7xx_hal_tim.o
 .text.TIM_ITRx_SetConfig
                0x080088f2       0x36 ./Drivers/STM32F7xx_HAL_Driver/Src/stm32f7xx_hal_tim.o
 .text.TIM_ETR_SetConfig
                0x08008928       0x40 ./Drivers/STM32F7xx_HAL_Driver/Src/stm32f7xx_hal_tim.o
                0x08008928                TIM_ETR_SetConfig
 .text.TIM_CCxChannelCmd
                0x08008968       0x4a ./Drivers/STM32F7xx_HAL_Driver/Src/stm32f7xx_hal_tim.o
                0x08008968                TIM_CCxChannelCmd
 *fill*         0x080089b2        0x2 
 .text.HAL_TIMEx_MasterConfigSynchronization
                0x080089b4      0x11c ./Drivers/STM32F7xx_HAL_Driver/Src/stm32f7xx_hal_tim_ex.o
                0x080089b4                HAL_TIMEx_MasterConfigSynchronization
 .text.HAL_TIMEx_CommutCallback
                0x08008ad0       0x14 ./Drivers/STM32F7xx_HAL_Driver/Src/stm32f7xx_hal_tim_ex.o
                0x08008ad0                HAL_TIMEx_CommutCallback
 .text.HAL_TIMEx_BreakCallback
                0x08008ae4       0x14 ./Drivers/STM32F7xx_HAL_Driver/Src/stm32f7xx_hal_tim_ex.o
                0x08008ae4                HAL_TIMEx_BreakCallback
 .text.HAL_TIMEx_Break2Callback
                0x08008af8       0x14 ./Drivers/STM32F7xx_HAL_Driver/Src/stm32f7xx_hal_tim_ex.o
                0x08008af8                HAL_TIMEx_Break2Callback
 .text.HAL_UART_Init
                0x08008b0c       0x9c ./Drivers/STM32F7xx_HAL_Driver/Src/stm32f7xx_hal_uart.o
                0x08008b0c                HAL_UART_Init
 .text.HAL_UART_Transmit
                0x08008ba8      0x112 ./Drivers/STM32F7xx_HAL_Driver/Src/stm32f7xx_hal_uart.o
                0x08008ba8                HAL_UART_Transmit
 *fill*         0x08008cba        0x2 
 .text.UART_SetConfig
                0x08008cbc      0x4c8 ./Drivers/STM32F7xx_HAL_Driver/Src/stm32f7xx_hal_uart.o
                0x08008cbc                UART_SetConfig
 .text.UART_AdvFeatureConfig
                0x08009184      0x144 ./Drivers/STM32F7xx_HAL_Driver/Src/stm32f7xx_hal_uart.o
                0x08009184                UART_AdvFeatureConfig
 .text.UART_CheckIdleState
                0x080092c8      0x150 ./Drivers/STM32F7xx_HAL_Driver/Src/stm32f7xx_hal_uart.o
                0x080092c8                UART_CheckIdleState
 .text.UART_WaitOnFlagUntilTimeout
                0x08009418       0xda ./Drivers/STM32F7xx_HAL_Driver/Src/stm32f7xx_hal_uart.o
                0x08009418                UART_WaitOnFlagUntilTimeout
 .text.UART_EndRxTransfer
                0x080094f2       0xc8 ./Drivers/STM32F7xx_HAL_Driver/Src/stm32f7xx_hal_uart.o
 .text.SVC_Setup
                0x080095ba        0xe ./Middlewares/Third_Party/FreeRTOS/Source/CMSIS_RTOS_V2/cmsis_os2.o
 .text.osKernelInitialize
                0x080095c8       0x68 ./Middlewares/Third_Party/FreeRTOS/Source/CMSIS_RTOS_V2/cmsis_os2.o
                0x080095c8                osKernelInitialize
 .text.osKernelStart
                0x08009630       0x6c ./Middlewares/Third_Party/FreeRTOS/Source/CMSIS_RTOS_V2/cmsis_os2.o
                0x08009630                osKernelStart
 .text.osThreadNew
                0x0800969c      0x14c ./Middlewares/Third_Party/FreeRTOS/Source/CMSIS_RTOS_V2/cmsis_os2.o
                0x0800969c                osThreadNew
 .text.osDelay  0x080097e8       0x5c ./Middlewares/Third_Party/FreeRTOS/Source/CMSIS_RTOS_V2/cmsis_os2.o
                0x080097e8                osDelay
 .text.vApplicationGetIdleTaskMemory
                0x08009844       0x34 ./Middlewares/Third_Party/FreeRTOS/Source/CMSIS_RTOS_V2/cmsis_os2.o
                0x08009844                vApplicationGetIdleTaskMemory
 .text.vApplicationGetTimerTaskMemory
                0x08009878       0x34 ./Middlewares/Third_Party/FreeRTOS/Source/CMSIS_RTOS_V2/cmsis_os2.o
                0x08009878                vApplicationGetTimerTaskMemory
 .text.vListInitialise
                0x080098ac       0x40 ./Middlewares/Third_Party/FreeRTOS/Source/list.o
                0x080098ac                vListInitialise
 .text.vListInitialiseItem
                0x080098ec       0x1a ./Middlewares/Third_Party/FreeRTOS/Source/list.o
                0x080098ec                vListInitialiseItem
 .text.vListInsertEnd
                0x08009906       0x48 ./Middlewares/Third_Party/FreeRTOS/Source/list.o
                0x08009906                vListInsertEnd
 .text.vListInsert
                0x0800994e       0x72 ./Middlewares/Third_Party/FreeRTOS/Source/list.o
                0x0800994e                vListInsert
 .text.uxListRemove
                0x080099c0       0x54 ./Middlewares/Third_Party/FreeRTOS/Source/list.o
                0x080099c0                uxListRemove
 .text.xQueueGenericReset
                0x08009a14       0xd8 ./Middlewares/Third_Party/FreeRTOS/Source/queue.o
                0x08009a14                xQueueGenericReset
 .text.xQueueGenericCreateStatic
                0x08009aec      0x10e ./Middlewares/Third_Party/FreeRTOS/Source/queue.o
                0x08009aec                xQueueGenericCreateStatic
 .text.xQueueGenericCreate
                0x08009bfa       0x86 ./Middlewares/Third_Party/FreeRTOS/Source/queue.o
                0x08009bfa                xQueueGenericCreate
 .text.prvInitialiseNewQueue
                0x08009c80       0x46 ./Middlewares/Third_Party/FreeRTOS/Source/queue.o
 *fill*         0x08009cc6        0x2 
 .text.xQueueGenericSend
                0x08009cc8      0x214 ./Middlewares/Third_Party/FreeRTOS/Source/queue.o
                0x08009cc8                xQueueGenericSend
 .text.xQueueGenericSendFromISR
                0x08009edc      0x146 ./Middlewares/Third_Party/FreeRTOS/Source/queue.o
                0x08009edc                xQueueGenericSendFromISR
 *fill*         0x0800a022        0x2 
 .text.xQueueReceive
                0x0800a024      0x1d0 ./Middlewares/Third_Party/FreeRTOS/Source/queue.o
                0x0800a024                xQueueReceive
 .text.prvCopyDataToQueue
                0x0800a1f4       0xd4 ./Middlewares/Third_Party/FreeRTOS/Source/queue.o
 .text.prvCopyDataFromQueue
                0x0800a2c8       0x4c ./Middlewares/Third_Party/FreeRTOS/Source/queue.o
 .text.prvUnlockQueue
                0x0800a314       0xa4 ./Middlewares/Third_Party/FreeRTOS/Source/queue.o
 .text.prvIsQueueEmpty
                0x0800a3b8       0x2c ./Middlewares/Third_Party/FreeRTOS/Source/queue.o
 .text.prvIsQueueFull
                0x0800a3e4       0x30 ./Middlewares/Third_Party/FreeRTOS/Source/queue.o
 .text.vQueueAddToRegistry
                0x0800a414       0x54 ./Middlewares/Third_Party/FreeRTOS/Source/queue.o
                0x0800a414                vQueueAddToRegistry
 .text.vQueueWaitForMessageRestricted
                0x0800a468       0x68 ./Middlewares/Third_Party/FreeRTOS/Source/queue.o
                0x0800a468                vQueueWaitForMessageRestricted
 .text.xTaskCreateStatic
                0x0800a4d0       0xcc ./Middlewares/Third_Party/FreeRTOS/Source/tasks.o
                0x0800a4d0                xTaskCreateStatic
 .text.xTaskCreate
                0x0800a59c       0x8a ./Middlewares/Third_Party/FreeRTOS/Source/tasks.o
                0x0800a59c                xTaskCreate
 .text.prvInitialiseNewTask
                0x0800a626      0x124 ./Middlewares/Third_Party/FreeRTOS/Source/tasks.o
 *fill*         0x0800a74a        0x2 
 .text.prvAddNewTaskToReadyList
                0x0800a74c       0xe0 ./Middlewares/Third_Party/FreeRTOS/Source/tasks.o
 .text.vTaskDelayUntil
                0x0800a82c      0x10c ./Middlewares/Third_Party/FreeRTOS/Source/tasks.o
                0x0800a82c                vTaskDelayUntil
 .text.vTaskDelay
                0x0800a938       0x70 ./Middlewares/Third_Party/FreeRTOS/Source/tasks.o
                0x0800a938                vTaskDelay
 .text.vTaskStartScheduler
                0x0800a9a8       0xd8 ./Middlewares/Third_Party/FreeRTOS/Source/tasks.o
                0x0800a9a8                vTaskStartScheduler
 .text.vTaskSuspendAll
                0x0800aa80       0x1c ./Middlewares/Third_Party/FreeRTOS/Source/tasks.o
                0x0800aa80                vTaskSuspendAll
 .text.xTaskResumeAll
                0x0800aa9c      0x140 ./Middlewares/Third_Party/FreeRTOS/Source/tasks.o
                0x0800aa9c                xTaskResumeAll
 .text.xTaskGetTickCount
                0x0800abdc       0x20 ./Middlewares/Third_Party/FreeRTOS/Source/tasks.o
                0x0800abdc                xTaskGetTickCount
 .text.xTaskIncrementTick
                0x0800abfc      0x178 ./Middlewares/Third_Party/FreeRTOS/Source/tasks.o
                0x0800abfc                xTaskIncrementTick
 .text.vTaskSwitchContext
                0x0800ad74       0xc0 ./Middlewares/Third_Party/FreeRTOS/Source/tasks.o
                0x0800ad74                vTaskSwitchContext
 .text.vTaskPlaceOnEventList
                0x0800ae34       0x50 ./Middlewares/Third_Party/FreeRTOS/Source/tasks.o
                0x0800ae34                vTaskPlaceOnEventList
 .text.vTaskPlaceOnEventListRestricted
                0x0800ae84       0x5c ./Middlewares/Third_Party/FreeRTOS/Source/tasks.o
                0x0800ae84                vTaskPlaceOnEventListRestricted
 .text.xTaskRemoveFromEventList
                0x0800aee0       0xcc ./Middlewares/Third_Party/FreeRTOS/Source/tasks.o
                0x0800aee0                xTaskRemoveFromEventList
 .text.vTaskInternalSetTimeOutState
                0x0800afac       0x2c ./Middlewares/Third_Party/FreeRTOS/Source/tasks.o
                0x0800afac                vTaskInternalSetTimeOutState
 .text.xTaskCheckForTimeOut
                0x0800afd8       0xd0 ./Middlewares/Third_Party/FreeRTOS/Source/tasks.o
                0x0800afd8                xTaskCheckForTimeOut
 .text.vTaskMissedYield
                0x0800b0a8       0x18 ./Middlewares/Third_Party/FreeRTOS/Source/tasks.o
                0x0800b0a8                vTaskMissedYield
 .text.prvIdleTask
                0x0800b0c0       0x30 ./Middlewares/Third_Party/FreeRTOS/Source/tasks.o
 .text.prvInitialiseTaskLists
                0x0800b0f0       0x80 ./Middlewares/Third_Party/FreeRTOS/Source/tasks.o
 .text.prvCheckTasksWaitingTermination
                0x0800b170       0x5c ./Middlewares/Third_Party/FreeRTOS/Source/tasks.o
 .text.prvDeleteTCB
                0x0800b1cc       0x64 ./Middlewares/Third_Party/FreeRTOS/Source/tasks.o
 .text.prvResetNextTaskUnblockTime
                0x0800b230       0x40 ./Middlewares/Third_Party/FreeRTOS/Source/tasks.o
 .text.xTaskGetSchedulerState
                0x0800b270       0x3c ./Middlewares/Third_Party/FreeRTOS/Source/tasks.o
                0x0800b270                xTaskGetSchedulerState
 .text.xTaskPriorityDisinherit
                0x0800b2ac       0xe8 ./Middlewares/Third_Party/FreeRTOS/Source/tasks.o
                0x0800b2ac                xTaskPriorityDisinherit
 .text.prvAddCurrentTaskToDelayedList
                0x0800b394       0xa8 ./Middlewares/Third_Party/FreeRTOS/Source/tasks.o
 .text.xTimerCreateTimerTask
                0x0800b43c       0x98 ./Middlewares/Third_Party/FreeRTOS/Source/timers.o
                0x0800b43c                xTimerCreateTimerTask
 .text.xTimerGenericCommand
                0x0800b4d4       0xa0 ./Middlewares/Third_Party/FreeRTOS/Source/timers.o
                0x0800b4d4                xTimerGenericCommand
 .text.prvProcessExpiredTimer
                0x0800b574       0xa0 ./Middlewares/Third_Party/FreeRTOS/Source/timers.o
 .text.prvTimerTask
                0x0800b614       0x26 ./Middlewares/Third_Party/FreeRTOS/Source/timers.o
 *fill*         0x0800b63a        0x2 
 .text.prvProcessTimerOrBlockTask
                0x0800b63c       0x9c ./Middlewares/Third_Party/FreeRTOS/Source/timers.o
 .text.prvGetNextExpireTime
                0x0800b6d8       0x48 ./Middlewares/Third_Party/FreeRTOS/Source/timers.o
 .text.prvSampleTimeNow
                0x0800b720       0x40 ./Middlewares/Third_Party/FreeRTOS/Source/timers.o
 .text.prvInsertTimerInActiveList
                0x0800b760       0x84 ./Middlewares/Third_Party/FreeRTOS/Source/timers.o
 .text.prvProcessReceivedCommands
                0x0800b7e4      0x1d8 ./Middlewares/Third_Party/FreeRTOS/Source/timers.o
 .text.prvSwitchTimerLists
                0x0800b9bc       0xd0 ./Middlewares/Third_Party/FreeRTOS/Source/timers.o
 .text.prvCheckForValidListAndQueue
                0x0800ba8c       0x80 ./Middlewares/Third_Party/FreeRTOS/Source/timers.o
 .text.pxPortInitialiseStack
                0x0800bb0c       0x68 ./Middlewares/Third_Party/FreeRTOS/Source/portable/GCC/ARM_CM7/r0p1/port.o
                0x0800bb0c                pxPortInitialiseStack
 .text.prvTaskExitError
                0x0800bb74       0x64 ./Middlewares/Third_Party/FreeRTOS/Source/portable/GCC/ARM_CM7/r0p1/port.o
 *fill*         0x0800bbd8        0x8 
 .text.SVC_Handler
                0x0800bbe0       0x28 ./Middlewares/Third_Party/FreeRTOS/Source/portable/GCC/ARM_CM7/r0p1/port.o
                0x0800bbe0                SVC_Handler
 .text.prvPortStartFirstTask
                0x0800bc08       0x28 ./Middlewares/Third_Party/FreeRTOS/Source/portable/GCC/ARM_CM7/r0p1/port.o
 .text.xPortStartScheduler
                0x0800bc30       0xfc ./Middlewares/Third_Party/FreeRTOS/Source/portable/GCC/ARM_CM7/r0p1/port.o
                0x0800bc30                xPortStartScheduler
 .text.vPortEnterCritical
                0x0800bd2c       0x6c ./Middlewares/Third_Party/FreeRTOS/Source/portable/GCC/ARM_CM7/r0p1/port.o
                0x0800bd2c                vPortEnterCritical
 .text.vPortExitCritical
                0x0800bd98       0x58 ./Middlewares/Third_Party/FreeRTOS/Source/portable/GCC/ARM_CM7/r0p1/port.o
                0x0800bd98                vPortExitCritical
 .text.PendSV_Handler
                0x0800bdf0       0x68 ./Middlewares/Third_Party/FreeRTOS/Source/portable/GCC/ARM_CM7/r0p1/port.o
                0x0800bdf0                PendSV_Handler
 .text.xPortSysTickHandler
                0x0800be58       0x48 ./Middlewares/Third_Party/FreeRTOS/Source/portable/GCC/ARM_CM7/r0p1/port.o
                0x0800be58                xPortSysTickHandler
 .text.vPortSetupTimerInterrupt
                0x0800bea0       0x48 ./Middlewares/Third_Party/FreeRTOS/Source/portable/GCC/ARM_CM7/r0p1/port.o
                0x0800bea0                vPortSetupTimerInterrupt
 .text.vPortEnableVFP
                0x0800bee8       0x14 ./Middlewares/Third_Party/FreeRTOS/Source/portable/GCC/ARM_CM7/r0p1/port.o
 .text.vPortValidateInterruptPriority
                0x0800befc       0x8c ./Middlewares/Third_Party/FreeRTOS/Source/portable/GCC/ARM_CM7/r0p1/port.o
                0x0800befc                vPortValidateInterruptPriority
 .text.pvPortMalloc
                0x0800bf88      0x19c ./Middlewares/Third_Party/FreeRTOS/Source/portable/MemMang/heap_4.o
                0x0800bf88                pvPortMalloc
 .text.vPortFree
                0x0800c124       0xc0 ./Middlewares/Third_Party/FreeRTOS/Source/portable/MemMang/heap_4.o
                0x0800c124                vPortFree
 .text.prvHeapInit
                0x0800c1e4       0xc4 ./Middlewares/Third_Party/FreeRTOS/Source/portable/MemMang/heap_4.o
 .text.prvInsertBlockIntoFreeList
                0x0800c2a8       0xb4 ./Middlewares/Third_Party/FreeRTOS/Source/portable/MemMang/heap_4.o
 .text.std      0x0800c35c       0x6c C:/ST/STM32CubeIDE_1.19.0/STM32CubeIDE/plugins/com.st.stm32cube.ide.mcu.externaltools.gnu-tools-for-stm32.13.3.rel1.win32_1.0.0.202411081344/tools/bin/../lib/gcc/arm-none-eabi/13.3.1/../../../../arm-none-eabi/lib/thumb/v7e-m+dp/hard\libc_nano.a(libc_a-findfp.o)
 .text.stdio_exit_handler
                0x0800c3c8       0x18 C:/ST/STM32CubeIDE_1.19.0/STM32CubeIDE/plugins/com.st.stm32cube.ide.mcu.externaltools.gnu-tools-for-stm32.13.3.rel1.win32_1.0.0.202411081344/tools/bin/../lib/gcc/arm-none-eabi/13.3.1/../../../../arm-none-eabi/lib/thumb/v7e-m+dp/hard\libc_nano.a(libc_a-findfp.o)
 .text.cleanup_stdio
                0x0800c3e0       0x40 C:/ST/STM32CubeIDE_1.19.0/STM32CubeIDE/plugins/com.st.stm32cube.ide.mcu.externaltools.gnu-tools-for-stm32.13.3.rel1.win32_1.0.0.202411081344/tools/bin/../lib/gcc/arm-none-eabi/13.3.1/../../../../arm-none-eabi/lib/thumb/v7e-m+dp/hard\libc_nano.a(libc_a-findfp.o)
 .text.global_stdio_init.part.0
                0x0800c420       0x3c C:/ST/STM32CubeIDE_1.19.0/STM32CubeIDE/plugins/com.st.stm32cube.ide.mcu.externaltools.gnu-tools-for-stm32.13.3.rel1.win32_1.0.0.202411081344/tools/bin/../lib/gcc/arm-none-eabi/13.3.1/../../../../arm-none-eabi/lib/thumb/v7e-m+dp/hard\libc_nano.a(libc_a-findfp.o)
 .text.__sfp_lock_acquire
                0x0800c45c        0xc C:/ST/STM32CubeIDE_1.19.0/STM32CubeIDE/plugins/com.st.stm32cube.ide.mcu.externaltools.gnu-tools-for-stm32.13.3.rel1.win32_1.0.0.202411081344/tools/bin/../lib/gcc/arm-none-eabi/13.3.1/../../../../arm-none-eabi/lib/thumb/v7e-m+dp/hard\libc_nano.a(libc_a-findfp.o)
                0x0800c45c                __sfp_lock_acquire
 .text.__sfp_lock_release
                0x0800c468        0xc C:/ST/STM32CubeIDE_1.19.0/STM32CubeIDE/plugins/com.st.stm32cube.ide.mcu.externaltools.gnu-tools-for-stm32.13.3.rel1.win32_1.0.0.202411081344/tools/bin/../lib/gcc/arm-none-eabi/13.3.1/../../../../arm-none-eabi/lib/thumb/v7e-m+dp/hard\libc_nano.a(libc_a-findfp.o)
                0x0800c468                __sfp_lock_release
 .text.__sinit  0x0800c474       0x30 C:/ST/STM32CubeIDE_1.19.0/STM32CubeIDE/plugins/com.st.stm32cube.ide.mcu.externaltools.gnu-tools-for-stm32.13.3.rel1.win32_1.0.0.202411081344/tools/bin/../lib/gcc/arm-none-eabi/13.3.1/../../../../arm-none-eabi/lib/thumb/v7e-m+dp/hard\libc_nano.a(libc_a-findfp.o)
                0x0800c474                __sinit
 .text._fwalk_sglue
                0x0800c4a4       0x3c C:/ST/STM32CubeIDE_1.19.0/STM32CubeIDE/plugins/com.st.stm32cube.ide.mcu.externaltools.gnu-tools-for-stm32.13.3.rel1.win32_1.0.0.202411081344/tools/bin/../lib/gcc/arm-none-eabi/13.3.1/../../../../arm-none-eabi/lib/thumb/v7e-m+dp/hard\libc_nano.a(libc_a-fwalk.o)
                0x0800c4a4                _fwalk_sglue
 .text.printf   0x0800c4e0       0x24 C:/ST/STM32CubeIDE_1.19.0/STM32CubeIDE/plugins/com.st.stm32cube.ide.mcu.externaltools.gnu-tools-for-stm32.13.3.rel1.win32_1.0.0.202411081344/tools/bin/../lib/gcc/arm-none-eabi/13.3.1/../../../../arm-none-eabi/lib/thumb/v7e-m+dp/hard\libc_nano.a(libc_a-printf.o)
                0x0800c4e0                iprintf
                0x0800c4e0                printf
 .text._puts_r  0x0800c504       0xaa C:/ST/STM32CubeIDE_1.19.0/STM32CubeIDE/plugins/com.st.stm32cube.ide.mcu.externaltools.gnu-tools-for-stm32.13.3.rel1.win32_1.0.0.202411081344/tools/bin/../lib/gcc/arm-none-eabi/13.3.1/../../../../arm-none-eabi/lib/thumb/v7e-m+dp/hard\libc_nano.a(libc_a-puts.o)
                0x0800c504                _puts_r
 *fill*         0x0800c5ae        0x2 
 .text.puts     0x0800c5b0       0x10 C:/ST/STM32CubeIDE_1.19.0/STM32CubeIDE/plugins/com.st.stm32cube.ide.mcu.externaltools.gnu-tools-for-stm32.13.3.rel1.win32_1.0.0.202411081344/tools/bin/../lib/gcc/arm-none-eabi/13.3.1/../../../../arm-none-eabi/lib/thumb/v7e-m+dp/hard\libc_nano.a(libc_a-puts.o)
                0x0800c5b0                puts
 .text.__sread  0x0800c5c0       0x22 C:/ST/STM32CubeIDE_1.19.0/STM32CubeIDE/plugins/com.st.stm32cube.ide.mcu.externaltools.gnu-tools-for-stm32.13.3.rel1.win32_1.0.0.202411081344/tools/bin/../lib/gcc/arm-none-eabi/13.3.1/../../../../arm-none-eabi/lib/thumb/v7e-m+dp/hard\libc_nano.a(libc_a-stdio.o)
                0x0800c5c0                __sread
 .text.__swrite
                0x0800c5e2       0x38 C:/ST/STM32CubeIDE_1.19.0/STM32CubeIDE/plugins/com.st.stm32cube.ide.mcu.externaltools.gnu-tools-for-stm32.13.3.rel1.win32_1.0.0.202411081344/tools/bin/../lib/gcc/arm-none-eabi/13.3.1/../../../../arm-none-eabi/lib/thumb/v7e-m+dp/hard\libc_nano.a(libc_a-stdio.o)
                0x0800c5e2                __swrite
 .text.__sseek  0x0800c61a       0x24 C:/ST/STM32CubeIDE_1.19.0/STM32CubeIDE/plugins/com.st.stm32cube.ide.mcu.externaltools.gnu-tools-for-stm32.13.3.rel1.win32_1.0.0.202411081344/tools/bin/../lib/gcc/arm-none-eabi/13.3.1/../../../../arm-none-eabi/lib/thumb/v7e-m+dp/hard\libc_nano.a(libc_a-stdio.o)
                0x0800c61a                __sseek
 .text.__sclose
                0x0800c63e        0x8 C:/ST/STM32CubeIDE_1.19.0/STM32CubeIDE/plugins/com.st.stm32cube.ide.mcu.externaltools.gnu-tools-for-stm32.13.3.rel1.win32_1.0.0.202411081344/tools/bin/../lib/gcc/arm-none-eabi/13.3.1/../../../../arm-none-eabi/lib/thumb/v7e-m+dp/hard\libc_nano.a(libc_a-stdio.o)
                0x0800c63e                __sclose
 .text.__swbuf_r
                0x0800c646       0x7c C:/ST/STM32CubeIDE_1.19.0/STM32CubeIDE/plugins/com.st.stm32cube.ide.mcu.externaltools.gnu-tools-for-stm32.13.3.rel1.win32_1.0.0.202411081344/tools/bin/../lib/gcc/arm-none-eabi/13.3.1/../../../../arm-none-eabi/lib/thumb/v7e-m+dp/hard\libc_nano.a(libc_a-wbuf.o)
                0x0800c646                __swbuf_r
 *fill*         0x0800c6c2        0x2 
 .text.__swsetup_r
                0x0800c6c4       0xac C:/ST/STM32CubeIDE_1.19.0/STM32CubeIDE/plugins/com.st.stm32cube.ide.mcu.externaltools.gnu-tools-for-stm32.13.3.rel1.win32_1.0.0.202411081344/tools/bin/../lib/gcc/arm-none-eabi/13.3.1/../../../../arm-none-eabi/lib/thumb/v7e-m+dp/hard\libc_nano.a(libc_a-wsetup.o)
                0x0800c6c4                __swsetup_r
 .text.memset   0x0800c770       0x10 C:/ST/STM32CubeIDE_1.19.0/STM32CubeIDE/plugins/com.st.stm32cube.ide.mcu.externaltools.gnu-tools-for-stm32.13.3.rel1.win32_1.0.0.202411081344/tools/bin/../lib/gcc/arm-none-eabi/13.3.1/../../../../arm-none-eabi/lib/thumb/v7e-m+dp/hard\libc_nano.a(libc_a-memset.o)
                0x0800c770                memset
 .text._close_r
                0x0800c780       0x20 C:/ST/STM32CubeIDE_1.19.0/STM32CubeIDE/plugins/com.st.stm32cube.ide.mcu.externaltools.gnu-tools-for-stm32.13.3.rel1.win32_1.0.0.202411081344/tools/bin/../lib/gcc/arm-none-eabi/13.3.1/../../../../arm-none-eabi/lib/thumb/v7e-m+dp/hard\libc_nano.a(libc_a-closer.o)
                0x0800c780                _close_r
 .text._lseek_r
                0x0800c7a0       0x24 C:/ST/STM32CubeIDE_1.19.0/STM32CubeIDE/plugins/com.st.stm32cube.ide.mcu.externaltools.gnu-tools-for-stm32.13.3.rel1.win32_1.0.0.202411081344/tools/bin/../lib/gcc/arm-none-eabi/13.3.1/../../../../arm-none-eabi/lib/thumb/v7e-m+dp/hard\libc_nano.a(libc_a-lseekr.o)
                0x0800c7a0                _lseek_r
 .text._read_r  0x0800c7c4       0x24 C:/ST/STM32CubeIDE_1.19.0/STM32CubeIDE/plugins/com.st.stm32cube.ide.mcu.externaltools.gnu-tools-for-stm32.13.3.rel1.win32_1.0.0.202411081344/tools/bin/../lib/gcc/arm-none-eabi/13.3.1/../../../../arm-none-eabi/lib/thumb/v7e-m+dp/hard\libc_nano.a(libc_a-readr.o)
                0x0800c7c4                _read_r
 .text._write_r
                0x0800c7e8       0x24 C:/ST/STM32CubeIDE_1.19.0/STM32CubeIDE/plugins/com.st.stm32cube.ide.mcu.externaltools.gnu-tools-for-stm32.13.3.rel1.win32_1.0.0.202411081344/tools/bin/../lib/gcc/arm-none-eabi/13.3.1/../../../../arm-none-eabi/lib/thumb/v7e-m+dp/hard\libc_nano.a(libc_a-writer.o)
                0x0800c7e8                _write_r
 .text.__errno  0x0800c80c        0xc C:/ST/STM32CubeIDE_1.19.0/STM32CubeIDE/plugins/com.st.stm32cube.ide.mcu.externaltools.gnu-tools-for-stm32.13.3.rel1.win32_1.0.0.202411081344/tools/bin/../lib/gcc/arm-none-eabi/13.3.1/../../../../arm-none-eabi/lib/thumb/v7e-m+dp/hard\libc_nano.a(libc_a-errno.o)
                0x0800c80c                __errno
 .text.__libc_init_array
                0x0800c818       0x48 C:/ST/STM32CubeIDE_1.19.0/STM32CubeIDE/plugins/com.st.stm32cube.ide.mcu.externaltools.gnu-tools-for-stm32.13.3.rel1.win32_1.0.0.202411081344/tools/bin/../lib/gcc/arm-none-eabi/13.3.1/../../../../arm-none-eabi/lib/thumb/v7e-m+dp/hard\libc_nano.a(libc_a-init.o)
                0x0800c818                __libc_init_array
 .text.__retarget_lock_init_recursive
                0x0800c860        0x2 C:/ST/STM32CubeIDE_1.19.0/STM32CubeIDE/plugins/com.st.stm32cube.ide.mcu.externaltools.gnu-tools-for-stm32.13.3.rel1.win32_1.0.0.202411081344/tools/bin/../lib/gcc/arm-none-eabi/13.3.1/../../../../arm-none-eabi/lib/thumb/v7e-m+dp/hard\libc_nano.a(libc_a-lock.o)
                0x0800c860                __retarget_lock_init_recursive
 .text.__retarget_lock_acquire_recursive
                0x0800c862        0x2 C:/ST/STM32CubeIDE_1.19.0/STM32CubeIDE/plugins/com.st.stm32cube.ide.mcu.externaltools.gnu-tools-for-stm32.13.3.rel1.win32_1.0.0.202411081344/tools/bin/../lib/gcc/arm-none-eabi/13.3.1/../../../../arm-none-eabi/lib/thumb/v7e-m+dp/hard\libc_nano.a(libc_a-lock.o)
                0x0800c862                __retarget_lock_acquire_recursive
 .text.__retarget_lock_release_recursive
                0x0800c864        0x2 C:/ST/STM32CubeIDE_1.19.0/STM32CubeIDE/plugins/com.st.stm32cube.ide.mcu.externaltools.gnu-tools-for-stm32.13.3.rel1.win32_1.0.0.202411081344/tools/bin/../lib/gcc/arm-none-eabi/13.3.1/../../../../arm-none-eabi/lib/thumb/v7e-m+dp/hard\libc_nano.a(libc_a-lock.o)
                0x0800c864                __retarget_lock_release_recursive
 .text.memcpy   0x0800c866       0x1c C:/ST/STM32CubeIDE_1.19.0/STM32CubeIDE/plugins/com.st.stm32cube.ide.mcu.externaltools.gnu-tools-for-stm32.13.3.rel1.win32_1.0.0.202411081344/tools/bin/../lib/gcc/arm-none-eabi/13.3.1/../../../../arm-none-eabi/lib/thumb/v7e-m+dp/hard\libc_nano.a(libc_a-memcpy-stub.o)
                0x0800c866                memcpy
 *fill*         0x0800c882        0x2 
 .text._free_r  0x0800c884       0x94 C:/ST/STM32CubeIDE_1.19.0/STM32CubeIDE/plugins/com.st.stm32cube.ide.mcu.externaltools.gnu-tools-for-stm32.13.3.rel1.win32_1.0.0.202411081344/tools/bin/../lib/gcc/arm-none-eabi/13.3.1/../../../../arm-none-eabi/lib/thumb/v7e-m+dp/hard\libc_nano.a(libc_a-freer.o)
                0x0800c884                _free_r
 .text.sbrk_aligned
                0x0800c918       0x44 C:/ST/STM32CubeIDE_1.19.0/STM32CubeIDE/plugins/com.st.stm32cube.ide.mcu.externaltools.gnu-tools-for-stm32.13.3.rel1.win32_1.0.0.202411081344/tools/bin/../lib/gcc/arm-none-eabi/13.3.1/../../../../arm-none-eabi/lib/thumb/v7e-m+dp/hard\libc_nano.a(libc_a-mallocr.o)
 .text._malloc_r
                0x0800c95c      0x100 C:/ST/STM32CubeIDE_1.19.0/STM32CubeIDE/plugins/com.st.stm32cube.ide.mcu.externaltools.gnu-tools-for-stm32.13.3.rel1.win32_1.0.0.202411081344/tools/bin/../lib/gcc/arm-none-eabi/13.3.1/../../../../arm-none-eabi/lib/thumb/v7e-m+dp/hard\libc_nano.a(libc_a-mallocr.o)
                0x0800c95c                _malloc_r
 .text.__malloc_lock
                0x0800ca5c        0xc C:/ST/STM32CubeIDE_1.19.0/STM32CubeIDE/plugins/com.st.stm32cube.ide.mcu.externaltools.gnu-tools-for-stm32.13.3.rel1.win32_1.0.0.202411081344/tools/bin/../lib/gcc/arm-none-eabi/13.3.1/../../../../arm-none-eabi/lib/thumb/v7e-m+dp/hard\libc_nano.a(libc_a-mlock.o)
                0x0800ca5c                __malloc_lock
 .text.__malloc_unlock
                0x0800ca68        0xc C:/ST/STM32CubeIDE_1.19.0/STM32CubeIDE/plugins/com.st.stm32cube.ide.mcu.externaltools.gnu-tools-for-stm32.13.3.rel1.win32_1.0.0.202411081344/tools/bin/../lib/gcc/arm-none-eabi/13.3.1/../../../../arm-none-eabi/lib/thumb/v7e-m+dp/hard\libc_nano.a(libc_a-mlock.o)
                0x0800ca68                __malloc_unlock
 .text.__sfputc_r
                0x0800ca74       0x2e C:/ST/STM32CubeIDE_1.19.0/STM32CubeIDE/plugins/com.st.stm32cube.ide.mcu.externaltools.gnu-tools-for-stm32.13.3.rel1.win32_1.0.0.202411081344/tools/bin/../lib/gcc/arm-none-eabi/13.3.1/../../../../arm-none-eabi/lib/thumb/v7e-m+dp/hard\libc_nano.a(libc_a-nano-vfprintf.o)
 .text.__sfputs_r
                0x0800caa2       0x24 C:/ST/STM32CubeIDE_1.19.0/STM32CubeIDE/plugins/com.st.stm32cube.ide.mcu.externaltools.gnu-tools-for-stm32.13.3.rel1.win32_1.0.0.202411081344/tools/bin/../lib/gcc/arm-none-eabi/13.3.1/../../../../arm-none-eabi/lib/thumb/v7e-m+dp/hard\libc_nano.a(libc_a-nano-vfprintf.o)
                0x0800caa2                __sfputs_r
 *fill*         0x0800cac6        0x2 
 .text._vfprintf_r
                0x0800cac8      0x230 C:/ST/STM32CubeIDE_1.19.0/STM32CubeIDE/plugins/com.st.stm32cube.ide.mcu.externaltools.gnu-tools-for-stm32.13.3.rel1.win32_1.0.0.202411081344/tools/bin/../lib/gcc/arm-none-eabi/13.3.1/../../../../arm-none-eabi/lib/thumb/v7e-m+dp/hard\libc_nano.a(libc_a-nano-vfprintf.o)
                0x0800cac8                _vfprintf_r
                0x0800cac8                _vfiprintf_r
 .text._printf_common
                0x0800ccf8       0xda C:/ST/STM32CubeIDE_1.19.0/STM32CubeIDE/plugins/com.st.stm32cube.ide.mcu.externaltools.gnu-tools-for-stm32.13.3.rel1.win32_1.0.0.202411081344/tools/bin/../lib/gcc/arm-none-eabi/13.3.1/../../../../arm-none-eabi/lib/thumb/v7e-m+dp/hard\libc_nano.a(libc_a-nano-vfprintf_i.o)
                0x0800ccf8                _printf_common
 *fill*         0x0800cdd2        0x2 
 .text._printf_i
                0x0800cdd4      0x23c C:/ST/STM32CubeIDE_1.19.0/STM32CubeIDE/plugins/com.st.stm32cube.ide.mcu.externaltools.gnu-tools-for-stm32.13.3.rel1.win32_1.0.0.202411081344/tools/bin/../lib/gcc/arm-none-eabi/13.3.1/../../../../arm-none-eabi/lib/thumb/v7e-m+dp/hard\libc_nano.a(libc_a-nano-vfprintf_i.o)
                0x0800cdd4                _printf_i
 .text.__sflush_r
                0x0800d010      0x108 C:/ST/STM32CubeIDE_1.19.0/STM32CubeIDE/plugins/com.st.stm32cube.ide.mcu.externaltools.gnu-tools-for-stm32.13.3.rel1.win32_1.0.0.202411081344/tools/bin/../lib/gcc/arm-none-eabi/13.3.1/../../../../arm-none-eabi/lib/thumb/v7e-m+dp/hard\libc_nano.a(libc_a-fflush.o)
                0x0800d010                __sflush_r
 .text._fflush_r
                0x0800d118       0x50 C:/ST/STM32CubeIDE_1.19.0/STM32CubeIDE/plugins/com.st.stm32cube.ide.mcu.externaltools.gnu-tools-for-stm32.13.3.rel1.win32_1.0.0.202411081344/tools/bin/../lib/gcc/arm-none-eabi/13.3.1/../../../../arm-none-eabi/lib/thumb/v7e-m+dp/hard\libc_nano.a(libc_a-fflush.o)
                0x0800d118                _fflush_r
 .text.__swhatbuf_r
                0x0800d168       0x4c C:/ST/STM32CubeIDE_1.19.0/STM32CubeIDE/plugins/com.st.stm32cube.ide.mcu.externaltools.gnu-tools-for-stm32.13.3.rel1.win32_1.0.0.202411081344/tools/bin/../lib/gcc/arm-none-eabi/13.3.1/../../../../arm-none-eabi/lib/thumb/v7e-m+dp/hard\libc_nano.a(libc_a-makebuf.o)
                0x0800d168                __swhatbuf_r
 .text.__smakebuf_r
                0x0800d1b4       0x78 C:/ST/STM32CubeIDE_1.19.0/STM32CubeIDE/plugins/com.st.stm32cube.ide.mcu.externaltools.gnu-tools-for-stm32.13.3.rel1.win32_1.0.0.202411081344/tools/bin/../lib/gcc/arm-none-eabi/13.3.1/../../../../arm-none-eabi/lib/thumb/v7e-m+dp/hard\libc_nano.a(libc_a-makebuf.o)
                0x0800d1b4                __smakebuf_r
 .text._fstat_r
                0x0800d22c       0x24 C:/ST/STM32CubeIDE_1.19.0/STM32CubeIDE/plugins/com.st.stm32cube.ide.mcu.externaltools.gnu-tools-for-stm32.13.3.rel1.win32_1.0.0.202411081344/tools/bin/../lib/gcc/arm-none-eabi/13.3.1/../../../../arm-none-eabi/lib/thumb/v7e-m+dp/hard\libc_nano.a(libc_a-fstatr.o)
                0x0800d22c                _fstat_r
 .text._isatty_r
                0x0800d250       0x20 C:/ST/STM32CubeIDE_1.19.0/STM32CubeIDE/plugins/com.st.stm32cube.ide.mcu.externaltools.gnu-tools-for-stm32.13.3.rel1.win32_1.0.0.202411081344/tools/bin/../lib/gcc/arm-none-eabi/13.3.1/../../../../arm-none-eabi/lib/thumb/v7e-m+dp/hard\libc_nano.a(libc_a-isattyr.o)
                0x0800d250                _isatty_r
 .text._sbrk_r  0x0800d270       0x20 C:/ST/STM32CubeIDE_1.19.0/STM32CubeIDE/plugins/com.st.stm32cube.ide.mcu.externaltools.gnu-tools-for-stm32.13.3.rel1.win32_1.0.0.202411081344/tools/bin/../lib/gcc/arm-none-eabi/13.3.1/../../../../arm-none-eabi/lib/thumb/v7e-m+dp/hard\libc_nano.a(libc_a-sbrkr.o)
                0x0800d270                _sbrk_r
 *(.glue_7)
 .glue_7        0x0800d290        0x0 linker stubs
 *(.glue_7t)
 .glue_7t       0x0800d290        0x0 linker stubs
 *(.eh_frame)
 .eh_frame      0x0800d290        0x0 C:/ST/STM32CubeIDE_1.19.0/STM32CubeIDE/plugins/com.st.stm32cube.ide.mcu.externaltools.gnu-tools-for-stm32.13.3.rel1.win32_1.0.0.202411081344/tools/bin/../lib/gcc/arm-none-eabi/13.3.1/thumb/v7e-m+dp/hard/crtbegin.o
 *(.init)
 .init          0x0800d290        0x4 C:/ST/STM32CubeIDE_1.19.0/STM32CubeIDE/plugins/com.st.stm32cube.ide.mcu.externaltools.gnu-tools-for-stm32.13.3.rel1.win32_1.0.0.202411081344/tools/bin/../lib/gcc/arm-none-eabi/13.3.1/thumb/v7e-m+dp/hard/crti.o
                0x0800d290                _init
 .init          0x0800d294        0x8 C:/ST/STM32CubeIDE_1.19.0/STM32CubeIDE/plugins/com.st.stm32cube.ide.mcu.externaltools.gnu-tools-for-stm32.13.3.rel1.win32_1.0.0.202411081344/tools/bin/../lib/gcc/arm-none-eabi/13.3.1/thumb/v7e-m+dp/hard/crtn.o
 *(.fini)
 .fini          0x0800d29c        0x4 C:/ST/STM32CubeIDE_1.19.0/STM32CubeIDE/plugins/com.st.stm32cube.ide.mcu.externaltools.gnu-tools-for-stm32.13.3.rel1.win32_1.0.0.202411081344/tools/bin/../lib/gcc/arm-none-eabi/13.3.1/thumb/v7e-m+dp/hard/crti.o
                0x0800d29c                _fini
 .fini          0x0800d2a0        0x8 C:/ST/STM32CubeIDE_1.19.0/STM32CubeIDE/plugins/com.st.stm32cube.ide.mcu.externaltools.gnu-tools-for-stm32.13.3.rel1.win32_1.0.0.202411081344/tools/bin/../lib/gcc/arm-none-eabi/13.3.1/thumb/v7e-m+dp/hard/crtn.o
                0x0800d2a8                        . = ALIGN (0x4)
                0x0800d2a8                        _etext = .

.vfp11_veneer   0x0800d2a8        0x0
 .vfp11_veneer  0x0800d2a8        0x0 linker stubs

.v4_bx          0x0800d2a8        0x0
 .v4_bx         0x0800d2a8        0x0 linker stubs

.iplt           0x0800d2a8        0x0
 .iplt          0x0800d2a8        0x0 C:/ST/STM32CubeIDE_1.19.0/STM32CubeIDE/plugins/com.st.stm32cube.ide.mcu.externaltools.gnu-tools-for-stm32.13.3.rel1.win32_1.0.0.202411081344/tools/bin/../lib/gcc/arm-none-eabi/13.3.1/thumb/v7e-m+dp/hard/crtbegin.o

.rodata         0x0800d2a8      0x61c
                0x0800d2a8                        . = ALIGN (0x4)
 *(.rodata)
 .rodata        0x0800d2a8       0xc6 ./Core/Src/freertos.o
 *fill*         0x0800d36e        0x2 
 .rodata        0x0800d370        0x6 ./Core/Src/main.o
 *fill*         0x0800d376        0x2 
 .rodata        0x0800d378      0x326 ./Core/Src/stepperMotor.o
 *fill*         0x0800d69e        0x2 
 .rodata        0x0800d6a0       0xb9 ./Core/Src/v_VL53L4CD.o
 *fill*         0x0800d759        0x3 
 .rodata        0x0800d75c       0x18 ./Drivers/BSP/Components/VL53L4CD_ULD_Driver/VL53L4CD_api.o
 .rodata        0x0800d774        0x5 ./Middlewares/Third_Party/FreeRTOS/Source/tasks.o
 *fill*         0x0800d779        0x3 
 .rodata        0x0800d77c        0xd ./Middlewares/Third_Party/FreeRTOS/Source/timers.o
 *(.rodata*)
 *fill*         0x0800d789        0x3 
 .rodata.defaultTask_attributes
                0x0800d78c       0x24 ./Core/Src/freertos.o
                0x0800d78c                defaultTask_attributes
 .rodata.v_SensorTask_attributes
                0x0800d7b0       0x24 ./Core/Src/freertos.o
                0x0800d7b0                v_SensorTask_attributes
 .rodata.v_CmdTask_attributes
                0x0800d7d4       0x24 ./Core/Src/freertos.o
                0x0800d7d4                v_CmdTask_attributes
 .rodata.v_CanTxTask_attributes
                0x0800d7f8       0x24 ./Core/Src/freertos.o
                0x0800d7f8                v_CanTxTask_attributes
 .rodata.AHBPrescTable
                0x0800d81c       0x10 ./Core/Src/system_stm32f7xx.o
                0x0800d81c                AHBPrescTable
 .rodata.APBPrescTable
                0x0800d82c        0x8 ./Core/Src/system_stm32f7xx.o
                0x0800d82c                APBPrescTable
 .rodata.VL53L4CD_DEFAULT_CONFIGURATION
                0x0800d834       0x5b ./Drivers/BSP/Components/VL53L4CD_ULD_Driver/VL53L4CD_api.o
 .rodata._vfprintf_r.str1.1
                0x0800d88f       0x33 C:/ST/STM32CubeIDE_1.19.0/STM32CubeIDE/plugins/com.st.stm32cube.ide.mcu.externaltools.gnu-tools-for-stm32.13.3.rel1.win32_1.0.0.202411081344/tools/bin/../lib/gcc/arm-none-eabi/13.3.1/../../../../arm-none-eabi/lib/thumb/v7e-m+dp/hard\libc_nano.a(libc_a-nano-vfprintf.o)
                                 0x11 (size before relaxing)
 .rodata._printf_i.str1.1
                0x0800d8c2       0x22 C:/ST/STM32CubeIDE_1.19.0/STM32CubeIDE/plugins/com.st.stm32cube.ide.mcu.externaltools.gnu-tools-for-stm32.13.3.rel1.win32_1.0.0.202411081344/tools/bin/../lib/gcc/arm-none-eabi/13.3.1/../../../../arm-none-eabi/lib/thumb/v7e-m+dp/hard\libc_nano.a(libc_a-nano-vfprintf_i.o)
                0x0800d8e4                        . = ALIGN (0x4)
 *fill*         0x0800d8c2        0x2 

.ARM.extab      0x0800d8c4        0x0
                0x0800d8c4                        . = ALIGN (0x4)
 *(.ARM.extab* .gnu.linkonce.armextab.*)
                0x0800d8c4                        . = ALIGN (0x4)

.ARM            0x0800d8c4        0x8
                0x0800d8c4                        . = ALIGN (0x4)
                0x0800d8c4                        __exidx_start = .
 *(.ARM.exidx*)
 .ARM.exidx     0x0800d8c4        0x8 C:/ST/STM32CubeIDE_1.19.0/STM32CubeIDE/plugins/com.st.stm32cube.ide.mcu.externaltools.gnu-tools-for-stm32.13.3.rel1.win32_1.0.0.202411081344/tools/bin/../lib/gcc/arm-none-eabi/13.3.1/../../../../arm-none-eabi/lib/thumb/v7e-m+dp/hard\libc_nano.a(libc_a-memchr.o)
 .ARM.exidx     0x0800d8cc        0x0 C:/ST/STM32CubeIDE_1.19.0/STM32CubeIDE/plugins/com.st.stm32cube.ide.mcu.externaltools.gnu-tools-for-stm32.13.3.rel1.win32_1.0.0.202411081344/tools/bin/../lib/gcc/arm-none-eabi/13.3.1/thumb/v7e-m+dp/hard\libgcc.a(_udivmoddi4.o)
                                  0x8 (size before relaxing)
                0x0800d8cc                        __exidx_end = .
                0x0800d8cc                        . = ALIGN (0x4)

.preinit_array  0x0800d8cc        0x0
                0x0800d8cc                        . = ALIGN (0x4)
                0x0800d8cc                        PROVIDE (__preinit_array_start = .)
 *(.preinit_array*)
                0x0800d8cc                        PROVIDE (__preinit_array_end = .)
                0x0800d8cc                        . = ALIGN (0x4)

.init_array     0x0800d8cc        0x4
                0x0800d8cc                        . = ALIGN (0x4)
                0x0800d8cc                        PROVIDE (__init_array_start = .)
 *(SORT_BY_NAME(.init_array.*))
 *(.init_array*)
 .init_array    0x0800d8cc        0x4 C:/ST/STM32CubeIDE_1.19.0/STM32CubeIDE/plugins/com.st.stm32cube.ide.mcu.externaltools.gnu-tools-for-stm32.13.3.rel1.win32_1.0.0.202411081344/tools/bin/../lib/gcc/arm-none-eabi/13.3.1/thumb/v7e-m+dp/hard/crtbegin.o
                0x0800d8d0                        PROVIDE (__init_array_end = .)
                0x0800d8d0                        . = ALIGN (0x4)

.fini_array     0x0800d8d0        0x4
                0x0800d8d0                        . = ALIGN (0x4)
                [!provide]                        PROVIDE (__fini_array_start = .)
 *(SORT_BY_NAME(.fini_array.*))
 *(.fini_array*)
 .fini_array    0x0800d8d0        0x4 C:/ST/STM32CubeIDE_1.19.0/STM32CubeIDE/plugins/com.st.stm32cube.ide.mcu.externaltools.gnu-tools-for-stm32.13.3.rel1.win32_1.0.0.202411081344/tools/bin/../lib/gcc/arm-none-eabi/13.3.1/thumb/v7e-m+dp/hard/crtbegin.o
                [!provide]                        PROVIDE (__fini_array_end = .)
                0x0800d8d4                        . = ALIGN (0x4)
                0x0800d8d4                        _sidata = LOADADDR (.data)

.rel.dyn        0x0800d8d4        0x0
 .rel.iplt      0x0800d8d4        0x0 C:/ST/STM32CubeIDE_1.19.0/STM32CubeIDE/plugins/com.st.stm32cube.ide.mcu.externaltools.gnu-tools-for-stm32.13.3.rel1.win32_1.0.0.202411081344/tools/bin/../lib/gcc/arm-none-eabi/13.3.1/thumb/v7e-m+dp/hard/crtbegin.o

.data           0x20000000      0x154 load address 0x0800d8d4
                0x20000000                        . = ALIGN (0x4)
                0x20000000                        _sdata = .
 *(.data)
 *(.data*)
 .data.g_step_hz
                0x20000000        0x4 ./Core/Src/stepperMotor.o
 .data.SystemCoreClock
                0x20000004        0x4 ./Core/Src/system_stm32f7xx.o
                0x20000004                SystemCoreClock
 .data.ptrTof_1
                0x20000008        0x4 ./Core/Src/v_VL53L4CD.o
                0x20000008                ptrTof_1
 .data.xshut_ports
                0x2000000c       0x80 ./Core/Src/v_VL53L4CD.o
                0x2000000c                xshut_ports
 .data.xshut_pins
                0x2000008c       0x40 ./Core/Src/v_VL53L4CD.o
                0x2000008c                xshut_pins
 .data.dev      0x200000cc       0x20 ./Core/Src/v_VL53L4CD.o
 .data.uwTickPrio
                0x200000ec        0x4 ./Drivers/STM32F7xx_HAL_Driver/Src/stm32f7xx_hal.o
                0x200000ec                uwTickPrio
 .data.uwTickFreq
                0x200000f0        0x1 ./Drivers/STM32F7xx_HAL_Driver/Src/stm32f7xx_hal.o
                0x200000f0                uwTickFreq
 *fill*         0x200000f1        0x3 
 .data.uxCriticalNesting
                0x200000f4        0x4 ./Middlewares/Third_Party/FreeRTOS/Source/portable/GCC/ARM_CM7/r0p1/port.o
 .data.__sglue  0x200000f8        0xc C:/ST/STM32CubeIDE_1.19.0/STM32CubeIDE/plugins/com.st.stm32cube.ide.mcu.externaltools.gnu-tools-for-stm32.13.3.rel1.win32_1.0.0.202411081344/tools/bin/../lib/gcc/arm-none-eabi/13.3.1/../../../../arm-none-eabi/lib/thumb/v7e-m+dp/hard\libc_nano.a(libc_a-findfp.o)
                0x200000f8                __sglue
 .data._impure_ptr
                0x20000104        0x4 C:/ST/STM32CubeIDE_1.19.0/STM32CubeIDE/plugins/com.st.stm32cube.ide.mcu.externaltools.gnu-tools-for-stm32.13.3.rel1.win32_1.0.0.202411081344/tools/bin/../lib/gcc/arm-none-eabi/13.3.1/../../../../arm-none-eabi/lib/thumb/v7e-m+dp/hard\libc_nano.a(libc_a-impure.o)
                0x20000104                _impure_ptr
 .data._impure_data
                0x20000108       0x4c C:/ST/STM32CubeIDE_1.19.0/STM32CubeIDE/plugins/com.st.stm32cube.ide.mcu.externaltools.gnu-tools-for-stm32.13.3.rel1.win32_1.0.0.202411081344/tools/bin/../lib/gcc/arm-none-eabi/13.3.1/../../../../arm-none-eabi/lib/thumb/v7e-m+dp/hard\libc_nano.a(libc_a-impure.o)
                0x20000108                _impure_data
 *(.RamFunc)
 *(.RamFunc*)
                0x20000154                        . = ALIGN (0x4)
                0x20000154                        _edata = .

.igot.plt       0x20000154        0x0 load address 0x0800da28
 .igot.plt      0x20000154        0x0 C:/ST/STM32CubeIDE_1.19.0/STM32CubeIDE/plugins/com.st.stm32cube.ide.mcu.externaltools.gnu-tools-for-stm32.13.3.rel1.win32_1.0.0.202411081344/tools/bin/../lib/gcc/arm-none-eabi/13.3.1/thumb/v7e-m+dp/hard/crtbegin.o
                0x20000154                        . = ALIGN (0x4)

.bss            0x20000154     0x7e90 load address 0x0800da28
                0x20000154                        _sbss = .
                0x20000154                        __bss_start__ = _sbss
 *(.bss)
 .bss           0x20000154       0x1c C:/ST/STM32CubeIDE_1.19.0/STM32CubeIDE/plugins/com.st.stm32cube.ide.mcu.externaltools.gnu-tools-for-stm32.13.3.rel1.win32_1.0.0.202411081344/tools/bin/../lib/gcc/arm-none-eabi/13.3.1/thumb/v7e-m+dp/hard/crtbegin.o
 *(.bss*)
 .bss.hcan1     0x20000170       0x28 ./Core/Src/can.o
                0x20000170                hcan1
 .bss.canRxQueue
                0x20000198        0x4 ./Core/Src/can_app.o
                0x20000198                canRxQueue
 .bss.can_rx_overflow
                0x2000019c        0x4 ./Core/Src/can_app.o
                0x2000019c                can_rx_overflow
 .bss.sensors   0x200001a0       0x20 ./Core/Src/can_node.o
 .bss.sensors_packed
                0x200001c0       0x20 ./Core/Src/can_node.o
 .bss.qSensors  0x200001e0        0x4 ./Core/Src/freertos.o
                0x200001e0                qSensors
 .bss.defaultTaskHandle
                0x200001e4        0x4 ./Core/Src/freertos.o
                0x200001e4                defaultTaskHandle
 .bss.v_SensorTaskHandle
                0x200001e8        0x4 ./Core/Src/freertos.o
                0x200001e8                v_SensorTaskHandle
 .bss.SensorTaskBuffer
                0x200001ec     0x1000 ./Core/Src/freertos.o
                0x200001ec                SensorTaskBuffer
 .bss.SensorTaskControlBlock
                0x200011ec       0x5c ./Core/Src/freertos.o
                0x200011ec                SensorTaskControlBlock
 .bss.v_CmdTaskHandle
                0x20001248        0x4 ./Core/Src/freertos.o
                0x20001248                v_CmdTaskHandle
 .bss.v_CmdTaskBuffer
                0x2000124c     0x1000 ./Core/Src/freertos.o
                0x2000124c                v_CmdTaskBuffer
 .bss.v_CmdTaskControlBlock
                0x2000224c       0x5c ./Core/Src/freertos.o
                0x2000224c                v_CmdTaskControlBlock
 .bss.v_CanTxTaskHandle
                0x200022a8        0x4 ./Core/Src/freertos.o
                0x200022a8                v_CanTxTaskHandle
 .bss.v_CanTxTaskBuffer
                0x200022ac      0x800 ./Core/Src/freertos.o
                0x200022ac                v_CanTxTaskBuffer
 .bss.v_CanTxTaskControlBlock
                0x20002aac       0x5c ./Core/Src/freertos.o
                0x20002aac                v_CanTxTaskControlBlock
 .bss.hi2c1     0x20002b08       0x54 ./Core/Src/i2c.o
                0x20002b08                hi2c1
 .bss.hi2c2     0x20002b5c       0x54 ./Core/Src/i2c.o
                0x20002b5c                hi2c2
 .bss.hi2c3     0x20002bb0       0x54 ./Core/Src/i2c.o
                0x20002bb0                hi2c3
 .bss.hi2c4     0x20002c04       0x54 ./Core/Src/i2c.o
                0x20002c04                hi2c4
 .bss.vl53l4cd_i2c_handle
                0x20002c58        0x4 ./Core/Src/platform.o
                0x20002c58                vl53l4cd_i2c_handle
 .bss.hw        0x20002c5c      0x300 ./Core/Src/stepperMotor.o
 .bss.g_active_mask
                0x20002f5c        0x4 ./Core/Src/stepperMotor.o
 .bss.g_rem     0x20002f60       0x80 ./Core/Src/stepperMotor.o
 .bss.__sbrk_heap_end
                0x20002fe0        0x4 ./Core/Src/sysmem.o
 .bss.htim3     0x20002fe4       0x4c ./Core/Src/tim.o
                0x20002fe4                htim3
 .bss.huart2    0x20003030       0x88 ./Core/Src/usart.o
                0x20003030                huart2
 .bss.v_I2C1_Bus
                0x200030b8        0x1 ./Core/Src/v_VL53L4CD.o
                0x200030b8                v_I2C1_Bus
 .bss.v_I2C2_Bus
                0x200030b9        0x1 ./Core/Src/v_VL53L4CD.o
                0x200030b9                v_I2C2_Bus
 .bss.v_I2C3_Bus
                0x200030ba        0x1 ./Core/Src/v_VL53L4CD.o
                0x200030ba                v_I2C3_Bus
 .bss.v_I2C4_Bus
                0x200030bb        0x1 ./Core/Src/v_VL53L4CD.o
                0x200030bb                v_I2C4_Bus
 .bss.sens_online
                0x200030bc       0x20 ./Core/Src/v_VL53L4CD.o
                0x200030bc                sens_online
 .bss.sens_status
                0x200030dc       0x20 ./Core/Src/v_VL53L4CD.o
                0x200030dc                sens_status
 .bss.g_everOnline
                0x200030fc       0x20 ./Core/Src/v_VL53L4CD.o
 .bss.g_errStreak
                0x2000311c       0x20 ./Core/Src/v_VL53L4CD.o
 .bss.g_lastGoodMs
                0x2000313c       0x80 ./Core/Src/v_VL53L4CD.o
 .bss.g_lastBusRecoverMs
                0x200031bc       0x10 ./Core/Src/v_VL53L4CD.o
 .bss.results   0x200031cc      0x200 ./Core/Src/v_VL53L4CD.o
 .bss.tofInstance
                0x200033cc       0x80 ./Core/Src/v_VL53L4CD.o
 .bss.g_nextRetryMs
                0x2000344c       0x80 ./Core/Src/v_VL53L4CD.o
 .bss.g_lastFiltered
                0x200034cc       0x80 ./Core/Src/v_VL53L4CD.o
 .bss.uwTick    0x2000354c        0x4 ./Drivers/STM32F7xx_HAL_Driver/Src/stm32f7xx_hal.o
                0x2000354c                uwTick
 .bss.KernelState
                0x20003550        0x4 ./Middlewares/Third_Party/FreeRTOS/Source/CMSIS_RTOS_V2/cmsis_os2.o
 .bss.Idle_TCB  0x20003554       0x5c ./Middlewares/Third_Party/FreeRTOS/Source/CMSIS_RTOS_V2/cmsis_os2.o
 .bss.Idle_Stack
                0x200035b0      0x200 ./Middlewares/Third_Party/FreeRTOS/Source/CMSIS_RTOS_V2/cmsis_os2.o
 .bss.Timer_TCB
                0x200037b0       0x5c ./Middlewares/Third_Party/FreeRTOS/Source/CMSIS_RTOS_V2/cmsis_os2.o
 .bss.Timer_Stack
                0x2000380c      0x400 ./Middlewares/Third_Party/FreeRTOS/Source/CMSIS_RTOS_V2/cmsis_os2.o
 .bss.xQueueRegistry
                0x20003c0c       0x40 ./Middlewares/Third_Party/FreeRTOS/Source/queue.o
                0x20003c0c                xQueueRegistry
 .bss.pxCurrentTCB
                0x20003c4c        0x4 ./Middlewares/Third_Party/FreeRTOS/Source/tasks.o
                0x20003c4c                pxCurrentTCB
 .bss.pxReadyTasksLists
                0x20003c50      0x460 ./Middlewares/Third_Party/FreeRTOS/Source/tasks.o
 .bss.xDelayedTaskList1
                0x200040b0       0x14 ./Middlewares/Third_Party/FreeRTOS/Source/tasks.o
 .bss.xDelayedTaskList2
                0x200040c4       0x14 ./Middlewares/Third_Party/FreeRTOS/Source/tasks.o
 .bss.pxDelayedTaskList
                0x200040d8        0x4 ./Middlewares/Third_Party/FreeRTOS/Source/tasks.o
 .bss.pxOverflowDelayedTaskList
                0x200040dc        0x4 ./Middlewares/Third_Party/FreeRTOS/Source/tasks.o
 .bss.xPendingReadyList
                0x200040e0       0x14 ./Middlewares/Third_Party/FreeRTOS/Source/tasks.o
 .bss.xTasksWaitingTermination