../Core/Src/stepperMotor.c:26:20:driver_enable	16	static
../Core/Src/stepperMotor.c:31:20:gate_enable	16	static
../Core/Src/stepperMotor.c:36:20:set_dir	16	static
../Core/Src/stepperMotor.c:43:20:pwm_start_if_needed	16	static
../Core/Src/stepperMotor.c:62:20:pwm_stop_if_idle	8	static
../Core/Src/stepperMotor.c:74:17:tim3_timclk_hz	16	static
../Core/Src/stepperMotor.c:81:6:stepper_set_speed_hz	16	static
../Core/Src/stepperMotor.c:88:13:tim3_apply_step_hz	32	static
../Core/Src/stepperMotor.c:104:6:stepper_init	792	static
../Core/Src/stepperMotor.c:160:18:stepper_move_motor	16	static
../Core/Src/stepperMotor.c:189:18:stepper_move_mask	32	static
../Core/Src/stepperMotor.c:213:6:stepper_stop_motor	16	static
../Core/Src/stepperMotor.c:226:6:stepper_stop_all	16	static
../Core/Src/stepperMotor.c:238:10:stepper_active_mask	4	static
../Core/Src/stepperMotor.c:241:9:stepper_remaining	16	static
../Core/Src/stepperMotor.c:248:6:stepper_on_tick_isr	16	static
../Core/Src/stepperMotor.c:275:6:v_motor_speed_update	16	static
